Component: ARM Compiler 5.06 update 7 (build 960) Tool: armlink [4d3601]

==============================================================================

Section Cross References

    loop_intr.o(.text) refers to fastmathfunctions.o(.text) for arm_cos_f32
    loop_intr.o(.text) refers to dflt_clz.o(x$fpl$dflt) for __aeabi_i2d
    loop_intr.o(.text) refers to ddiv.o(x$fpl$ddiv) for __aeabi_ddiv
    loop_intr.o(.text) refers to d2f.o(x$fpl$d2f) for __aeabi_d2f
    loop_intr.o(.text) refers to f2d.o(x$fpl$f2d) for __aeabi_f2d
    loop_intr.o(.text) refers to sqrt.o(i.__hardfp_sqrt) for __hardfp_sqrt
    loop_intr.o(.text) refers to loop_intr.o(.data) for .data
    loop_intr.o(.text) refers to loop_intr.o(.bss) for .bss
    loop_intr.o(.text) refers to log.o(i.__hardfp_log) for __hardfp_log
    loop_intr.o(.text) refers to dflt_clz.o(x$fpl$dfltu) for __aeabi_ui2d
    loop_intr.o(.text) refers to dmul.o(x$fpl$dmul) for __aeabi_dmul
    loop_intr.o(.text) refers to i2s.o(.text) for i2s_rx
    loop_intr.o(.text) refers to filteringfunctions.o(.text) for arm_fir_f32
    loop_intr.o(.text) refers to gpio.o(.text) for gpio_set_mode
    loop_intr.o(.text) refers to audio.o(.text) for audio_init
    loop_intr.o(.text) refers to statisticsfunctions.o(.text) for arm_max_f32
    audio.o(.text) refers to gpio.o(.text) for gpio_set_mode
    audio.o(.text) refers to delay.o(.text) for delay_ms
    audio.o(.text) refers to i2c.o(.text) for i2c_write
    audio.o(.text) refers to i2s.o(.text) for i2s_init
    audio.o(.text) refers to dstc.o(.text) for dstc_init
    audio.o(.text) refers to audio.o(.data) for .data
    delay.o(.text) refers to delay.o(.emb_text) for delay_cycles
    i2c.o(.text) refers to delay.o(.text) for delay_us
    i2s.o(.text) refers to i2s.o(.data) for .data
    dstc.o(.text) refers to dstc.o(.bss) for .bss
    dstc.o(.text) refers to dstc.o(.data) for .data
    basicmathfunctions.o(.text) refers to fabs.o(i.__hardfp_fabs) for __hardfp_fabs
    basicmathfunctions.o(.text) refers to daddsub_clz.o(x$fpl$dadd) for __aeabi_dadd
    basicmathfunctions.o(.text) refers to dmul.o(x$fpl$dmul) for __aeabi_dmul
    basicmathfunctions.o(.text) refers to basic.o(x$fpl$basic) for __aeabi_dneg
    basicmathfunctions.o(.text) refers to llshl.o(.text) for __aeabi_llsl
    basicmathfunctions.o(.text) refers to daddsub_clz.o(x$fpl$dsub) for __aeabi_dsub
    bayesfunctions.o(.text) refers to logf.o(i.__hardfp_logf) for __hardfp_logf
    bayesfunctions.o(.text) refers to statisticsfunctions.o(.text) for arm_max_f32
    commontables.o(.constdata) refers to commontables.o(.constdata) for twiddleCoefF64_16
    commontables.o(.constdata) refers to commontables.o(.constdata) for armBitRevIndexTableF64_16
    commontables.o(.constdata) refers to commontables.o(.constdata) for twiddleCoefF64_32
    commontables.o(.constdata) refers to commontables.o(.constdata) for armBitRevIndexTableF64_32
    commontables.o(.constdata) refers to commontables.o(.constdata) for twiddleCoefF64_64
    commontables.o(.constdata) refers to commontables.o(.constdata) for armBitRevIndexTableF64_64
    commontables.o(.constdata) refers to commontables.o(.constdata) for twiddleCoefF64_128
    commontables.o(.constdata) refers to commontables.o(.constdata) for armBitRevIndexTableF64_128
    commontables.o(.constdata) refers to commontables.o(.constdata) for twiddleCoefF64_256
    commontables.o(.constdata) refers to commontables.o(.constdata) for armBitRevIndexTableF64_256
    commontables.o(.constdata) refers to commontables.o(.constdata) for twiddleCoefF64_512
    commontables.o(.constdata) refers to commontables.o(.constdata) for armBitRevIndexTableF64_512
    commontables.o(.constdata) refers to commontables.o(.constdata) for twiddleCoefF64_1024
    commontables.o(.constdata) refers to commontables.o(.constdata) for armBitRevIndexTableF64_1024
    commontables.o(.constdata) refers to commontables.o(.constdata) for twiddleCoefF64_2048
    commontables.o(.constdata) refers to commontables.o(.constdata) for armBitRevIndexTableF64_2048
    commontables.o(.constdata) refers to commontables.o(.constdata) for twiddleCoefF64_4096
    commontables.o(.constdata) refers to commontables.o(.constdata) for armBitRevIndexTableF64_4096
    commontables.o(.constdata) refers to commontables.o(.constdata) for twiddleCoef_16
    commontables.o(.constdata) refers to commontables.o(.constdata) for armBitRevIndexTable16
    commontables.o(.constdata) refers to commontables.o(.constdata) for twiddleCoef_32
    commontables.o(.constdata) refers to commontables.o(.constdata) for armBitRevIndexTable32
    commontables.o(.constdata) refers to commontables.o(.constdata) for twiddleCoef_64
    commontables.o(.constdata) refers to commontables.o(.constdata) for armBitRevIndexTable64
    commontables.o(.constdata) refers to commontables.o(.constdata) for twiddleCoef_128
    commontables.o(.constdata) refers to commontables.o(.constdata) for armBitRevIndexTable128
[...]
    __rt_entry_presh_1                       0x00000301   Thumb Code     0  __rtentry2.o(.ARM.Collect$$rtentry$$00000002)
    __rt_entry_sh                            0x00000301   Thumb Code     0  __rtentry4.o(.ARM.Collect$$rtentry$$00000004)
    __rt_entry_li                            0x00000307   Thumb Code     0  __rtentry2.o(.ARM.Collect$$rtentry$$0000000A)
    __rt_entry_postsh_1                      0x00000307   Thumb Code     0  __rtentry2.o(.ARM.Collect$$rtentry$$00000009)
    __rt_entry_main                          0x0000030b   Thumb Code     0  __rtentry2.o(.ARM.Collect$$rtentry$$0000000D)
    __rt_entry_postli_1                      0x0000030b   Thumb Code     0  __rtentry2.o(.ARM.Collect$$rtentry$$0000000C)
    __rt_exit                                0x00000313   Thumb Code     0  rtexit.o(.ARM.Collect$$rtexit$$00000000)
    __rt_exit_ls                             0x00000315   Thumb Code     0  rtexit2.o(.ARM.Collect$$rtexit$$00000003)
    __rt_exit_prels_1                        0x00000315   Thumb Code     0  rtexit2.o(.ARM.Collect$$rtexit$$00000002)
    __rt_exit_exit                           0x00000319   Thumb Code     0  rtexit2.o(.ARM.Collect$$rtexit$$00000004)
    delay_cycles                             0x00000321   Thumb Code    10  delay.o(.emb_text)
    log2_moj                                 0x0000032d   Thumb Code    16  loop_intr.o(.text)
    reverse                                  0x0000033d   Thumb Code    54  loop_intr.o(.text)
    ordina                                   0x00000373   Thumb Code    98  loop_intr.o(.text)
    polar                                    0x000003d5   Thumb Code    48  loop_intr.o(.text)
    pomnozi_complex                          0x00000405   Thumb Code    26  loop_intr.o(.text)
    brzo_stepenuj                            0x0000041f   Thumb Code   106  loop_intr.o(.text)
    transform                                0x00000489   Thumb Code   326  loop_intr.o(.text)
    FFT                                      0x000005cf   Thumb Code   552  loop_intr.o(.text)
    NormalizationFactor                      0x000007f7   Thumb Code    58  loop_intr.o(.text)
    GetCoefficient                           0x00000831   Thumb Code   256  loop_intr.o(.text)
    I2S_HANDLER                              0x00000931   Thumb Code   136  loop_intr.o(.text)
    main                                     0x000009b9   Thumb Code  1598  loop_intr.o(.text)
    init_LED                                 0x00001065   Thumb Code    32  audio.o(.text)
    prbs                                     0x00001085   Thumb Code    60  audio.o(.text)
    Codec_WriteRegister                      0x000010c1   Thumb Code    30  audio.o(.text)
    audio_init                               0x000010df   Thumb Code   230  audio.o(.text)
    delay_ms                                 0x000011dd   Thumb Code    36  delay.o(.text)
    delay_us                                 0x00001201   Thumb Code    34  delay.o(.text)
    gpio_set_mode                            0x00001231   Thumb Code   234  gpio.o(.text)
    gpio_toggle                              0x0000131b   Thumb Code    34  gpio.o(.text)
    gpio_set                                 0x0000133d   Thumb Code    24  gpio.o(.text)
    gpio_get                                 0x00001355   Thumb Code    20  gpio.o(.text)
    gpio_set_range                           0x00001369   Thumb Code     2  gpio.o(.text)
    gpio_set_trigger                         0x0000136b   Thumb Code     2  gpio.o(.text)
    gpio_set_callback                        0x0000136d   Thumb Code     2  gpio.o(.text)
    port_isr                                 0x0000136f   Thumb Code     2  gpio.o(.text)
    port_isr0                                0x00001371   Thumb Code     2  gpio.o(.text)
    port_isr1                                0x00001373   Thumb Code     2  gpio.o(.text)
    port_isr2                                0x00001375   Thumb Code     2  gpio.o(.text)
    port_isr3                                0x00001377   Thumb Code     2  gpio.o(.text)
    port_isr4                                0x00001379   Thumb Code     2  gpio.o(.text)
    i2c_init                                 0x0000139d   Thumb Code    74  i2c.o(.text)
    i2c_enable                               0x000013e7   Thumb Code    10  i2c.o(.text)
    i2c_disable                              0x000013f1   Thumb Code    10  i2c.o(.text)
    i2c_start                                0x000013fb   Thumb Code    22  i2c.o(.text)
    i2c_stop                                 0x00001411   Thumb Code    14  i2c.o(.text)
    i2c_tx                                   0x0000141f   Thumb Code     8  i2c.o(.text)
    i2c_rx                                   0x00001427   Thumb Code    10  i2c.o(.text)
    i2c_ack                                  0x00001431   Thumb Code    10  i2c.o(.text)
    i2c_write                                0x0000143b   Thumb Code   110  i2c.o(.text)
    i2c_read                                 0x000014a9   Thumb Code     2  i2c.o(.text)
    i2s_init                                 0x000014c1   Thumb Code   442  i2s.o(.text)
    i2s_rx_enable                            0x0000167b   Thumb Code    20  i2s.o(.text)
    i2s_tx_enable                            0x0000168f   Thumb Code    20  i2s.o(.text)
    i2s_rx_threshold                         0x000016a3   Thumb Code    14  i2s.o(.text)
    i2s_tx_threshold                         0x000016b1   Thumb Code    14  i2s.o(.text)
    i2s_rx_dma_enable                        0x000016bf   Thumb Code    14  i2s.o(.text)
    i2s_tx_dma_enable                        0x000016cd   Thumb Code    16  i2s.o(.text)
    i2s_start                                0x000016dd   Thumb Code    12  i2s.o(.text)
    i2s_stop                                 0x000016e9   Thumb Code    12  i2s.o(.text)
    i2s_rx                                   0x000016f5   Thumb Code     6  i2s.o(.text)
    i2s_tx                                   0x000016fb   Thumb Code     6  i2s.o(.text)
    i2s_set_callback                         0x00001701   Thumb Code    34  i2s.o(.text)
    PRGCRC_I2S_IRQHandler                    0x00001723   Thumb Code    24  i2s.o(.text)
    dstc_src_memory                          0x0000177d   Thumb Code    16  dstc.o(.text)
    dstc_dest_memory                         0x0000178d   Thumb Code    16  dstc.o(.text)
    dstc_transfersize                        0x0000179d   Thumb Code    30  dstc.o(.text)
    DSTCPchkCalc                             0x000017bb   Thumb Code    36  dstc.o(.text)
    dstc_init                                0x000017df   Thumb Code   294  dstc.o(.text)
    dstc_state                               0x00001905   Thumb Code    30  dstc.o(.text)
    dstc_reset                               0x00001923   Thumb Code    56  dstc.o(.text)
    dstc_set_callback                        0x0000195b   Thumb Code    34  dstc.o(.text)
    DSTC_COMP_IRQHandler                     0x0000197d   Thumb Code    12  dstc.o(.text)
    arm_abs_f32                              0x000019c9   Thumb Code    24  basicmathfunctions.o(.text)
    arm_abs_f64                              0x000019e1   Thumb Code    32  basicmathfunctions.o(.text)
    arm_abs_q15                              0x00001a01   Thumb Code    34  basicmathfunctions.o(.text)
    arm_abs_q31                              0x00001a23   Thumb Code    26  basicmathfunctions.o(.text)
    arm_abs_q7                               0x00001a3d   Thumb Code    34  basicmathfunctions.o(.text)
    arm_add_f32                              0x00001a5f   Thumb Code    26  basicmathfunctions.o(.text)
    arm_add_f64                              0x00001a79   Thumb Code    54  basicmathfunctions.o(.text)
    arm_add_q15                              0x00001aaf   Thumb Code    30  basicmathfunctions.o(.text)
    arm_add_q31                              0x00001acd   Thumb Code    22  basicmathfunctions.o(.text)
    arm_add_q7                               0x00001ae3   Thumb Code    32  basicmathfunctions.o(.text)
    arm_and_u16                              0x00001b03   Thumb Code    28  basicmathfunctions.o(.text)
    arm_and_u32                              0x00001b1f   Thumb Code    20  basicmathfunctions.o(.text)
    arm_and_u8                               0x00001b33   Thumb Code    28  basicmathfunctions.o(.text)
    arm_dot_prod_f32                         0x00001b4f   Thumb Code    30  basicmathfunctions.o(.text)
    arm_dot_prod_f64                         0x00001b6d   Thumb Code    76  basicmathfunctions.o(.text)
    arm_dot_prod_q15                         0x00001bb9   Thumb Code    32  basicmathfunctions.o(.text)
    arm_dot_prod_q31                         0x00001bd9   Thumb Code    42  basicmathfunctions.o(.text)
    arm_dot_prod_q7                          0x00001c03   Thumb Code    28  basicmathfunctions.o(.text)
    arm_mult_f32                             0x00001c1f   Thumb Code    26  basicmathfunctions.o(.text)
    arm_mult_f64                             0x00001c39   Thumb Code    52  basicmathfunctions.o(.text)
    arm_mult_q15                             0x00001c6d   Thumb Code    32  basicmathfunctions.o(.text)
    arm_mult_q31                             0x00001c8d   Thumb Code    28  basicmathfunctions.o(.text)
    arm_mult_q7                              0x00001ca9   Thumb Code    32  basicmathfunctions.o(.text)
    arm_negate_f32                           0x00001cc9   Thumb Code    24  basicmathfunctions.o(.text)
    arm_negate_f64                           0x00001ce1   Thumb Code    38  basicmathfunctions.o(.text)
    arm_negate_q15                           0x00001d07   Thumb Code    36  basicmathfunctions.o(.text)
    arm_negate_q31                           0x00001d2b   Thumb Code    22  basicmathfunctions.o(.text)
    arm_negate_q7                            0x00001d41   Thumb Code    28  basicmathfunctions.o(.text)
    arm_not_u16                              0x00001d5d   Thumb Code    22  basicmathfunctions.o(.text)
    arm_not_u32                              0x00001d73   Thumb Code    16  basicmathfunctions.o(.text)
    arm_not_u8                               0x00001d83   Thumb Code    20  basicmathfunctions.o(.text)
    arm_offset_f32                           0x00001d97   Thumb Code    22  basicmathfunctions.o(.text)
    arm_offset_f64                           0x00001dad   Thumb Code    58  basicmathfunctions.o(.text)
    arm_offset_q15                           0x00001de7   Thumb Code    26  basicmathfunctions.o(.text)
    arm_offset_q31                           0x00001e01   Thumb Code    20  basicmathfunctions.o(.text)
    arm_offset_q7                            0x00001e15   Thumb Code    26  basicmathfunctions.o(.text)
    arm_or_u16                               0x00001e2f   Thumb Code    28  basicmathfunctions.o(.text)
    arm_or_u32                               0x00001e4b   Thumb Code    20  basicmathfunctions.o(.text)
    arm_or_u8                                0x00001e5f   Thumb Code    28  basicmathfunctions.o(.text)
    arm_scale_f32                            0x00001e7b   Thumb Code    22  basicmathfunctions.o(.text)
    arm_scale_f64                            0x00001e91   Thumb Code    54  basicmathfunctions.o(.text)
    arm_scale_q15                            0x00001ec7   Thumb Code    40  basicmathfunctions.o(.text)
    arm_scale_q31                            0x00001eef   Thumb Code    92  basicmathfunctions.o(.text)
    arm_scale_q7                             0x00001f4b   Thumb Code    40  basicmathfunctions.o(.text)
    arm_shift_q15                            0x00001f73   Thumb Code    52  basicmathfunctions.o(.text)
    arm_shift_q31                            0x00001fa7   Thumb Code    72  basicmathfunctions.o(.text)
    arm_shift_q7                             0x00001fef   Thumb Code    52  basicmathfunctions.o(.text)
    arm_sub_f32                              0x00002023   Thumb Code    26  basicmathfunctions.o(.text)
    arm_sub_f64                              0x0000203d   Thumb Code    52  basicmathfunctions.o(.text)
    arm_sub_q15                              0x00002071   Thumb Code    28  basicmathfunctions.o(.text)
    arm_sub_q31                              0x0000208d   Thumb Code    22  basicmathfunctions.o(.text)
    arm_sub_q7                               0x000020a3   Thumb Code    32  basicmathfunctions.o(.text)
    arm_xor_u16                              0x000020c3   Thumb Code    28  basicmathfunctions.o(.text)
    arm_xor_u32                              0x000020df   Thumb Code    20  basicmathfunctions.o(.text)
    arm_xor_u8                               0x000020f3   Thumb Code    28  basicmathfunctions.o(.text)
    arm_clip_f32                             0x0000210f   Thumb Code    66  basicmathfunctions.o(.text)
    arm_clip_q31                             0x00002151   Thumb Code    44  basicmathfunctions.o(.text)
    arm_clip_q15                             0x0000217d   Thumb Code    44  basicmathfunctions.o(.text)
    arm_clip_q7                              0x000021a9   Thumb Code    36  basicmathfunctions.o(.text)
    arm_cos_f32                              0x000021cd   Thumb Code   118  fastmathfunctions.o(.text)
    arm_cos_q15                              0x00002243   Thumb Code    62  fastmathfunctions.o(.text)
    arm_cos_q31                              0x00002281   Thumb Code    60  fastmathfunctions.o(.text)
    arm_sin_f32                              0x000022bd   Thumb Code   114  fastmathfunctions.o(.text)
    arm_sin_q15                              0x0000232f   Thumb Code    56  fastmathfunctions.o(.text)
    arm_sin_q31                              0x00002367   Thumb Code    58  fastmathfunctions.o(.text)
    arm_sqrt_q31                             0x000023a1   Thumb Code   182  fastmathfunctions.o(.text)
    arm_sqrt_q15                             0x00002457   Thumb Code   152  fastmathfunctions.o(.text)
    arm_vexp_f32                             0x000024ef   Thumb Code    30  fastmathfunctions.o(.text)
    arm_vexp_f64                             0x0000250d   Thumb Code    32  fastmathfunctions.o(.text)
    arm_vlog_f32                             0x0000252d   Thumb Code    32  fastmathfunctions.o(.text)
    arm_vlog_f64                             0x0000254d   Thumb Code    32  fastmathfunctions.o(.text)
    arm_divide_q15                           0x0000256d   Thumb Code   136  fastmathfunctions.o(.text)
    arm_divide_q31                           0x000025f5   Thumb Code   116  fastmathfunctions.o(.text)
    arm_vlog_q31                             0x00002669   Thumb Code    88  fastmathfunctions.o(.text)
    arm_vlog_q15                             0x000026c1   Thumb Code    96  fastmathfunctions.o(.text)
    arm_atan2_f32                            0x00002721   Thumb Code   512  fastmathfunctions.o(.text)
    arm_atan2_q31                            0x00002921   Thumb Code   978  fastmathfunctions.o(.text)
    arm_atan2_q15                            0x00002cf3   Thumb Code   762  fastmathfunctions.o(.text)
    arm_biquad_cas_df1_32x64_init_q31        0x00002fed   Thumb Code    26  filteringfunctions.o(.text)
    arm_biquad_cas_df1_32x64_q31             0x00003007   Thumb Code   328  filteringfunctions.o(.text)
    arm_biquad_cascade_df1_f32               0x0000314f   Thumb Code   130  filteringfunctions.o(.text)
    arm_biquad_cascade_df1_fast_q15          0x000031d1   Thumb Code   180  filteringfunctions.o(.text)
    arm_biquad_cascade_df1_fast_q31          0x00003285   Thumb Code   146  filteringfunctions.o(.text)
    arm_biquad_cascade_df1_init_f32          0x00003317   Thumb Code    22  filteringfunctions.o(.text)
    arm_biquad_cascade_df1_init_q15          0x0000332d   Thumb Code    26  filteringfunctions.o(.text)
    arm_biquad_cascade_df1_init_q31          0x00003347   Thumb Code    26  filteringfunctions.o(.text)
    arm_biquad_cascade_df1_q15               0x00003361   Thumb Code   320  filteringfunctions.o(.text)
    arm_biquad_cascade_df1_q31               0x000034a1   Thumb Code   174  filteringfunctions.o(.text)
    arm_biquad_cascade_df2T_f32              0x0000354f   Thumb Code    98  filteringfunctions.o(.text)
    arm_biquad_cascade_df2T_f64              0x000035b1   Thumb Code   222  filteringfunctions.o(.text)
    arm_biquad_cascade_df2T_init_f32         0x0000368f   Thumb Code    22  filteringfunctions.o(.text)
    arm_biquad_cascade_df2T_init_f64         0x000036a5   Thumb Code    22  filteringfunctions.o(.text)
    arm_biquad_cascade_stereo_df2T_f32       0x000036bb   Thumb Code   150  filteringfunctions.o(.text)
    arm_biquad_cascade_stereo_df2T_init_f32  0x00003751   Thumb Code    22  filteringfunctions.o(.text)
    arm_conv_f32                             0x00003767   Thumb Code   300  filteringfunctions.o(.text)
    arm_conv_fast_opt_q15                    0x00003893   Thumb Code   194  filteringfunctions.o(.text)
    arm_conv_fast_q15                        0x00003955   Thumb Code  1076  filteringfunctions.o(.text)
    arm_conv_fast_q31                        0x00003d89   Thumb Code   814  filteringfunctions.o(.text)
    arm_conv_opt_q15                         0x000040b7   Thumb Code   192  filteringfunctions.o(.text)
    arm_conv_opt_q7                          0x00004177   Thumb Code   628  filteringfunctions.o(.text)
    arm_conv_partial_f32                     0x000043eb   Thumb Code   432  filteringfunctions.o(.text)
    arm_conv_partial_fast_opt_q15            0x0000459b   Thumb Code   234  filteringfunctions.o(.text)
    arm_conv_partial_fast_q15                0x00004685   Thumb Code  1290  filteringfunctions.o(.text)
    arm_conv_partial_fast_q31                0x00004b8f   Thumb Code   422  filteringfunctions.o(.text)
    arm_conv_partial_opt_q15                 0x00004d35   Thumb Code   240  filteringfunctions.o(.text)
    arm_conv_partial_opt_q7                  0x00004e25   Thumb Code   660  filteringfunctions.o(.text)
    arm_conv_partial_q15                     0x000050b9   Thumb Code  1542  filteringfunctions.o(.text)
    arm_conv_partial_q31                     0x000056bf   Thumb Code   496  filteringfunctions.o(.text)
    arm_conv_partial_q7                      0x000058af   Thumb Code   426  filteringfunctions.o(.text)
    arm_conv_q15                             0x00005a59   Thumb Code  1366  filteringfunctions.o(.text)
    arm_conv_q31                             0x00005faf   Thumb Code   352  filteringfunctions.o(.text)
    arm_conv_q7                              0x0000610f   Thumb Code   296  filteringfunctions.o(.text)
    arm_correlate_f32                        0x00006237   Thumb Code   336  filteringfunctions.o(.text)
    arm_correlate_f64                        0x00006387   Thumb Code   500  filteringfunctions.o(.text)
    arm_correlate_fast_opt_q15               0x0000657b   Thumb Code   202  filteringfunctions.o(.text)
    arm_correlate_fast_q15                   0x00006645   Thumb Code  1004  filteringfunctions.o(.text)
    arm_correlate_fast_q31                   0x00006a31   Thumb Code   856  filteringfunctions.o(.text)
    arm_correlate_opt_q15                    0x00006d89   Thumb Code   210  filteringfunctions.o(.text)
    arm_correlate_opt_q7                     0x00006e5b   Thumb Code   636  filteringfunctions.o(.text)
    arm_correlate_q15                        0x000070d7   Thumb Code  1268  filteringfunctions.o(.text)
    arm_correlate_q31                        0x000075cb   Thumb Code   396  filteringfunctions.o(.text)
    arm_correlate_q7                         0x00007757   Thumb Code   322  filteringfunctions.o(.text)
    arm_fir_decimate_f32                     0x00007899   Thumb Code   116  filteringfunctions.o(.text)
    arm_fir_decimate_fast_q15                0x0000790d   Thumb Code   326  filteringfunctions.o(.text)
    arm_fir_decimate_fast_q31                0x00007a53   Thumb Code   110  filteringfunctions.o(.text)
    arm_fir_decimate_init_f32                0x00007ac1   Thumb Code    50  filteringfunctions.o(.text)
    arm_fir_decimate_init_q15                0x00007af3   Thumb Code    50  filteringfunctions.o(.text)
    arm_fir_decimate_init_q31                0x00007b25   Thumb Code    50  filteringfunctions.o(.text)
    arm_fir_decimate_q15                     0x00007b57   Thumb Code   376  filteringfunctions.o(.text)
    arm_fir_decimate_q31                     0x00007ccf   Thumb Code   130  filteringfunctions.o(.text)
    arm_fir_f32                              0x00007d51   Thumb Code    98  filteringfunctions.o(.text)
    arm_fir_f64                              0x00007db3   Thumb Code   164  filteringfunctions.o(.text)
    arm_fir_fast_q15                         0x00007e57   Thumb Code   108  filteringfunctions.o(.text)
    arm_fir_fast_q31                         0x00007ec3   Thumb Code    90  filteringfunctions.o(.text)
    arm_fir_init_f32                         0x00007f1d   Thumb Code    28  filteringfunctions.o(.text)
    arm_fir_init_f64                         0x00007f39   Thumb Code    28  filteringfunctions.o(.text)
    arm_fir_init_q15                         0x00007f55   Thumb Code    38  filteringfunctions.o(.text)
    arm_fir_init_q31                         0x00007f7b   Thumb Code    28  filteringfunctions.o(.text)
    arm_fir_init_q7                          0x00007f97   Thumb Code    26  filteringfunctions.o(.text)
    arm_fir_interpolate_f32                  0x00007fb1   Thumb Code   134  filteringfunctions.o(.text)
    arm_fir_interpolate_init_f32             0x00008037   Thumb Code    52  filteringfunctions.o(.text)
    arm_fir_interpolate_init_q15             0x0000806b   Thumb Code    52  filteringfunctions.o(.text)
    arm_fir_interpolate_init_q31             0x0000809f   Thumb Code    52  filteringfunctions.o(.text)
    arm_fir_interpolate_q15                  0x000080d3   Thumb Code   180  filteringfunctions.o(.text)
    arm_fir_interpolate_q31                  0x00008187   Thumb Code   178  filteringfunctions.o(.text)
    arm_fir_lattice_f32                      0x00008239   Thumb Code   102  filteringfunctions.o(.text)
    arm_fir_lattice_init_f32                 0x0000829f   Thumb Code    22  filteringfunctions.o(.text)
    arm_fir_lattice_init_q15                 0x000082b5   Thumb Code    22  filteringfunctions.o(.text)
    arm_fir_lattice_init_q31                 0x000082cb   Thumb Code    22  filteringfunctions.o(.text)
    arm_fir_lattice_q15                      0x000082e1   Thumb Code   130  filteringfunctions.o(.text)
    arm_fir_lattice_q31                      0x00008363   Thumb Code   104  filteringfunctions.o(.text)
    arm_fir_q15                              0x000083cb   Thumb Code   134  filteringfunctions.o(.text)
    arm_fir_q31                              0x00008451   Thumb Code   116  filteringfunctions.o(.text)
    arm_fir_q7                               0x000084c5   Thumb Code    98  filteringfunctions.o(.text)
    arm_fir_sparse_f32                       0x00008527   Thumb Code   444  filteringfunctions.o(.text)
    arm_fir_sparse_init_f32                  0x000086e3   Thumb Code    38  filteringfunctions.o(.text)
    arm_fir_sparse_init_q15                  0x00008709   Thumb Code    38  filteringfunctions.o(.text)
    arm_fir_sparse_init_q31                  0x0000872f   Thumb Code    38  filteringfunctions.o(.text)
    arm_fir_sparse_init_q7                   0x00008755   Thumb Code    38  filteringfunctions.o(.text)
    arm_fir_sparse_q15                       0x0000877b   Thumb Code   506  filteringfunctions.o(.text)
    arm_fir_sparse_q31                       0x00008975   Thumb Code   490  filteringfunctions.o(.text)
    arm_fir_sparse_q7                        0x00008b5f   Thumb Code   500  filteringfunctions.o(.text)
    arm_iir_lattice_f32                      0x00008d53   Thumb Code   128  filteringfunctions.o(.text)
    arm_iir_lattice_init_f32                 0x00008dd3   Thumb Code    28  filteringfunctions.o(.text)
    arm_iir_lattice_init_q15                 0x00008def   Thumb Code    28  filteringfunctions.o(.text)
    arm_iir_lattice_init_q31                 0x00008e0b   Thumb Code    28  filteringfunctions.o(.text)
    arm_iir_lattice_q15                      0x00008e27   Thumb Code   232  filteringfunctions.o(.text)
    arm_iir_lattice_q31                      0x00008f0f   Thumb Code   230  filteringfunctions.o(.text)
    arm_lms_f32                              0x00008ff5   Thumb Code   158  filteringfunctions.o(.text)
    arm_lms_init_f32                         0x00009093   Thumb Code    44  filteringfunctions.o(.text)
    arm_lms_init_q15                         0x000090bf   Thumb Code    40  filteringfunctions.o(.text)
    arm_lms_init_q31                         0x000090e7   Thumb Code    38  filteringfunctions.o(.text)
    arm_lms_norm_f32                         0x0000910d   Thumb Code   202  filteringfunctions.o(.text)
    arm_lms_norm_init_f32                    0x000091d7   Thumb Code    52  filteringfunctions.o(.text)
    arm_lms_norm_init_q15                    0x0000920b   Thumb Code    48  filteringfunctions.o(.text)
    arm_lms_norm_init_q31                    0x0000923b   Thumb Code    48  filteringfunctions.o(.text)
    arm_lms_norm_q15                         0x0000926b   Thumb Code   354  filteringfunctions.o(.text)
    arm_lms_norm_q31                         0x000093cd   Thumb Code   450  filteringfunctions.o(.text)
    arm_lms_q15                              0x0000958f   Thumb Code   216  filteringfunctions.o(.text)
    arm_lms_q31                              0x00009667   Thumb Code   240  filteringfunctions.o(.text)
    arm_levinson_durbin_f32                  0x00009757   Thumb Code   232  filteringfunctions.o(.text)
    arm_levinson_durbin_q31                  0x0000983f   Thumb Code   390  filteringfunctions.o(.text)
    arm_entropy_f32                          0x000099c9   Thumb Code    48  statisticsfunctions.o(.text)
    arm_entropy_f64                          0x000099f9   Thumb Code    80  statisticsfunctions.o(.text)
    arm_kullback_leibler_f32                 0x00009a49   Thumb Code    52  statisticsfunctions.o(.text)
    arm_kullback_leibler_f64                 0x00009a7d   Thumb Code    92  statisticsfunctions.o(.text)
    arm_logsumexp_f32                        0x00009ad9   Thumb Code    88  statisticsfunctions.o(.text)
    arm_logsumexp_dot_prod_f32               0x00009b31   Thumb Code    24  statisticsfunctions.o(.text)
    arm_max_f32                              0x00009b49   Thumb Code    46  statisticsfunctions.o(.text)
    arm_max_f64                              0x00009b77   Thumb Code    76  statisticsfunctions.o(.text)
    arm_max_q15                              0x00009bc3   Thumb Code    38  statisticsfunctions.o(.text)
    arm_max_q31                              0x00009be9   Thumb Code    32  statisticsfunctions.o(.text)
    arm_max_q7                               0x00009c09   Thumb Code    36  statisticsfunctions.o(.text)
    arm_max_no_idx_f32                       0x00009c2d   Thumb Code    38  statisticsfunctions.o(.text)
    arm_max_no_idx_f64                       0x00009c53   Thumb Code    56  statisticsfunctions.o(.text)
    arm_max_no_idx_q31                       0x00009c8b   Thumb Code    22  statisticsfunctions.o(.text)
    arm_max_no_idx_q15                       0x00009ca1   Thumb Code    26  statisticsfunctions.o(.text)
    arm_max_no_idx_q7                        0x00009cbb   Thumb Code    28  statisticsfunctions.o(.text)
    arm_mean_f32                             0x00009cd7   Thumb Code    42  statisticsfunctions.o(.text)
    arm_mean_f64                             0x00009d01   Thumb Code    86  statisticsfunctions.o(.text)
    arm_mean_q15                             0x00009d57   Thumb Code    30  statisticsfunctions.o(.text)
    arm_mean_q31                             0x00009d75   Thumb Code    42  statisticsfunctions.o(.text)
    arm_mean_q7                              0x00009d9f   Thumb Code    54  statisticsfunctions.o(.text)
    arm_min_f32                              0x00009dd5   Thumb Code    46  statisticsfunctions.o(.text)
    arm_min_f64                              0x00009e03   Thumb Code    70  statisticsfunctions.o(.text)
    arm_min_q15                              0x00009e49   Thumb Code    36  statisticsfunctions.o(.text)
    arm_min_q31                              0x00009e6d   Thumb Code    32  statisticsfunctions.o(.text)
    arm_min_q7                               0x00009e8d   Thumb Code    36  statisticsfunctions.o(.text)
    arm_min_no_idx_f32                       0x00009eb1   Thumb Code    38  statisticsfunctions.o(.text)
    arm_min_no_idx_f64                       0x00009ed7   Thumb Code    56  statisticsfunctions.o(.text)
    arm_min_no_idx_q31                       0x00009f0f   Thumb Code    22  statisticsfunctions.o(.text)
    arm_min_no_idx_q15                       0x00009f25   Thumb Code    26  statisticsfunctions.o(.text)
    arm_min_no_idx_q7                        0x00009f3f   Thumb Code    28  statisticsfunctions.o(.text)
    arm_power_f32                            0x00009f5b   Thumb Code    26  statisticsfunctions.o(.text)
    arm_power_f64                            0x00009f75   Thumb Code    60  statisticsfunctions.o(.text)
    arm_power_q15                            0x00009fb1   Thumb Code    28  statisticsfunctions.o(.text)
    arm_power_q31                            0x00009fcd   Thumb Code    40  statisticsfunctions.o(.text)
    arm_power_q7                             0x00009ff5   Thumb Code    26  statisticsfunctions.o(.text)
    arm_rms_f32                              0x0000a00f   Thumb Code    66  statisticsfunctions.o(.text)
    arm_rms_q15                              0x0000a051   Thumb Code    58  statisticsfunctions.o(.text)
    arm_rms_q31                              0x0000a08b   Thumb Code    68  statisticsfunctions.o(.text)
    arm_var_f32                              0x0000a0cf   Thumb Code   102  statisticsfunctions.o(.text)
    arm_std_f32                              0x0000a135   Thumb Code    44  statisticsfunctions.o(.text)
    arm_var_f64                              0x0000a161   Thumb Code   198  statisticsfunctions.o(.text)
    arm_std_f64                              0x0000a227   Thumb Code    24  statisticsfunctions.o(.text)
    arm_std_q15                              0x0000a23f   Thumb Code   110  statisticsfunctions.o(.text)
    arm_std_q31                              0x0000a2ad   Thumb Code   122  statisticsfunctions.o(.text)
    arm_var_q15                              0x0000a327   Thumb Code    80  statisticsfunctions.o(.text)
    arm_var_q31                              0x0000a377   Thumb Code   118  statisticsfunctions.o(.text)
    arm_absmax_f32                           0x0000a3ed   Thumb Code    54  statisticsfunctions.o(.text)
    arm_absmax_f64                           0x0000a423   Thumb Code    94  statisticsfunctions.o(.text)
    arm_absmax_q15                           0x0000a481   Thumb Code   182  statisticsfunctions.o(.text)
    arm_absmax_q31                           0x0000a537   Thumb Code   154  statisticsfunctions.o(.text)
    arm_absmax_q7                            0x0000a5d1   Thumb Code   180  statisticsfunctions.o(.text)
    arm_absmin_f32                           0x0000a685   Thumb Code    54  statisticsfunctions.o(.text)
    arm_absmin_f64                           0x0000a6bb   Thumb Code    94  statisticsfunctions.o(.text)
    arm_absmin_q15                           0x0000a719   Thumb Code   180  statisticsfunctions.o(.text)
    arm_absmin_q31                           0x0000a7cd   Thumb Code   154  statisticsfunctions.o(.text)
    arm_absmin_q7                            0x0000a867   Thumb Code   182  statisticsfunctions.o(.text)
    arm_absmax_no_idx_f32                    0x0000a91d   Thumb Code    44  statisticsfunctions.o(.text)
    arm_absmax_no_idx_f64                    0x0000a949   Thumb Code    84  statisticsfunctions.o(.text)
    arm_absmax_no_idx_q15                    0x0000a99d   Thumb Code   146  statisticsfunctions.o(.text)
    arm_absmax_no_idx_q31                    0x0000aa2f   Thumb Code   122  statisticsfunctions.o(.text)
    arm_absmax_no_idx_q7                     0x0000aaa9   Thumb Code   146  statisticsfunctions.o(.text)
    arm_absmin_no_idx_f32                    0x0000ab3b   Thumb Code    42  statisticsfunctions.o(.text)
    arm_absmin_no_idx_f64                    0x0000ab65   Thumb Code    80  statisticsfunctions.o(.text)
    arm_absmin_no_idx_q15                    0x0000abb5   Thumb Code   146  statisticsfunctions.o(.text)
    arm_absmin_no_idx_q31                    0x0000ac47   Thumb Code   122  statisticsfunctions.o(.text)
    arm_absmin_no_idx_q7                     0x0000acc1   Thumb Code   146  statisticsfunctions.o(.text)
    arm_mse_q7                               0x0000ad53   Thumb Code    54  statisticsfunctions.o(.text)
    arm_mse_q15                              0x0000ad89   Thumb Code    66  statisticsfunctions.o(.text)
    arm_mse_q31                              0x0000adcb   Thumb Code    76  statisticsfunctions.o(.text)
    arm_mse_f32                              0x0000ae17   Thumb Code    50  statisticsfunctions.o(.text)
    arm_mse_f64                              0x0000ae49   Thumb Code   106  statisticsfunctions.o(.text)
    arm_barycenter_f32                       0x0000aec1   Thumb Code   100  supportfunctions.o(.text)
    arm_bitonic_sort_f32                     0x0000af25   Thumb Code    80  supportfunctions.o(.text)
    arm_bubble_sort_f32                      0x0000af75   Thumb Code    90  supportfunctions.o(.text)
    arm_copy_f32                             0x0000afcf   Thumb Code    18  supportfunctions.o(.text)
    arm_copy_f64                             0x0000afe1   Thumb Code    20  supportfunctions.o(.text)
    arm_copy_q15                             0x0000aff5   Thumb Code    20  supportfunctions.o(.text)
    arm_copy_q31                             0x0000b009   Thumb Code    14  supportfunctions.o(.text)
    arm_copy_q7                              0x0000b017   Thumb Code    18  supportfunctions.o(.text)
    arm_fill_f32                             0x0000b029   Thumb Code    16  supportfunctions.o(.text)
    arm_fill_f64                             0x0000b039   Thumb Code    16  supportfunctions.o(.text)
    arm_fill_q15                             0x0000b049   Thumb Code    16  supportfunctions.o(.text)
    arm_fill_q31                             0x0000b059   Thumb Code    12  supportfunctions.o(.text)
    arm_fill_q7                              0x0000b065   Thumb Code    16  supportfunctions.o(.text)
    arm_heap_sort_f32                        0x0000b0fd   Thumb Code    92  supportfunctions.o(.text)
    arm_insertion_sort_f32                   0x0000b159   Thumb Code    88  supportfunctions.o(.text)
    arm_merge_sort_f32                       0x0000b24d   Thumb Code    58  supportfunctions.o(.text)
    arm_merge_sort_init_f32                  0x0000b287   Thumb Code     6  supportfunctions.o(.text)
    arm_quick_sort_f32                       0x0000b347   Thumb Code    38  supportfunctions.o(.text)
    arm_selection_sort_f32                   0x0000b36d   Thumb Code   120  supportfunctions.o(.text)
    arm_sort_f32                             0x0000b3e5   Thumb Code    46  supportfunctions.o(.text)
    arm_sort_init_f32                        0x0000b413   Thumb Code     6  supportfunctions.o(.text)
    arm_weighted_sum_f32                     0x0000b419   Thumb Code    40  supportfunctions.o(.text)
    arm_float_to_q15                         0x0000b441   Thumb Code    40  supportfunctions.o(.text)
    arm_float_to_q31                         0x0000b469   Thumb Code    56  supportfunctions.o(.text)
    arm_float_to_q7                          0x0000b4a1   Thumb Code    40  supportfunctions.o(.text)
    arm_q15_to_float                         0x0000b4c9   Thumb Code    36  supportfunctions.o(.text)
    arm_q15_to_q31                           0x0000b4ed   Thumb Code    20  supportfunctions.o(.text)
    arm_q15_to_q7                            0x0000b501   Thumb Code    22  supportfunctions.o(.text)
    arm_q31_to_float                         0x0000b517   Thumb Code    30  supportfunctions.o(.text)
    arm_q31_to_q15                           0x0000b535   Thumb Code    18  supportfunctions.o(.text)
    arm_q31_to_q7                            0x0000b547   Thumb Code    18  supportfunctions.o(.text)
    arm_q7_to_float                          0x0000b559   Thumb Code    36  supportfunctions.o(.text)
    arm_q7_to_q15                            0x0000b57d   Thumb Code    22  supportfunctions.o(.text)
    arm_q7_to_q31                            0x0000b593   Thumb Code    18  supportfunctions.o(.text)
    Reset_Handler                            0x0000b645   Thumb Code    20  startup_s6e2cc.o(.text)
    NMI_Handler                              0x0000b659   Thumb Code     2  startup_s6e2cc.o(.text)
    HardFault_Handler                        0x0000b65b   Thumb Code     2  startup_s6e2cc.o(.text)
    MemManage_Handler                        0x0000b65d   Thumb Code     2  startup_s6e2cc.o(.text)
    BusFault_Handler                         0x0000b65f   Thumb Code     2  startup_s6e2cc.o(.text)
    UsageFault_Handler                       0x0000b661   Thumb Code     2  startup_s6e2cc.o(.text)
    SVC_Handler                              0x0000b663   Thumb Code     2  startup_s6e2cc.o(.text)
    DebugMon_Handler                         0x0000b665   Thumb Code     2  startup_s6e2cc.o(.text)
    PendSV_Handler                           0x0000b667   Thumb Code     2  startup_s6e2cc.o(.text)
    SysTick_Handler                          0x0000b669   Thumb Code     2  startup_s6e2cc.o(.text)
    ADC0_IRQHandler                          0x0000b66b   Thumb Code     0  startup_s6e2cc.o(.text)
    ADC1_IRQHandler                          0x0000b66b   Thumb Code     0  startup_s6e2cc.o(.text)
    ADC2_IRQHandler                          0x0000b66b   Thumb Code     0  startup_s6e2cc.o(.text)
    BT0_IRQHandler                           0x0000b66b   Thumb Code     0  startup_s6e2cc.o(.text)
    BT10_IRQHandler                          0x0000b66b   Thumb Code     0  startup_s6e2cc.o(.text)
    BT11_IRQHandler                          0x0000b66b   Thumb Code     0  startup_s6e2cc.o(.text)
    BT12_15_IRQHandler                       0x0000b66b   Thumb Code     0  startup_s6e2cc.o(.text)
    BT1_IRQHandler                           0x0000b66b   Thumb Code     0  startup_s6e2cc.o(.text)
    BT2_IRQHandler                           0x0000b66b   Thumb Code     0  startup_s6e2cc.o(.text)
    BT3_IRQHandler                           0x0000b66b   Thumb Code     0  startup_s6e2cc.o(.text)
    BT4_IRQHandler                           0x0000b66b   Thumb Code     0  startup_s6e2cc.o(.text)
    BT5_IRQHandler                           0x0000b66b   Thumb Code     0  startup_s6e2cc.o(.text)
    BT6_IRQHandler                           0x0000b66b   Thumb Code     0  startup_s6e2cc.o(.text)
    BT7_IRQHandler                           0x0000b66b   Thumb Code     0  startup_s6e2cc.o(.text)
    BT8_IRQHandler                           0x0000b66b   Thumb Code     0  startup_s6e2cc.o(.text)
    BT9_IRQHandler                           0x0000b66b   Thumb Code     0  startup_s6e2cc.o(.text)
    CAN0_IRQHandler                          0x0000b66b   Thumb Code     0  startup_s6e2cc.o(.text)
    CAN1_CANFD_IRQHandler                    0x0000b66b   Thumb Code     0  startup_s6e2cc.o(.text)
    CSV_IRQHandler                           0x0000b66b   Thumb Code     0  startup_s6e2cc.o(.text)
    DMAC0_IRQHandler                         0x0000b66b   Thumb Code     0  startup_s6e2cc.o(.text)
    DMAC1_IRQHandler                         0x0000b66b   Thumb Code     0  startup_s6e2cc.o(.text)
    DMAC2_IRQHandler                         0x0000b66b   Thumb Code     0  startup_s6e2cc.o(.text)
    DMAC3_IRQHandler                         0x0000b66b   Thumb Code     0  startup_s6e2cc.o(.text)
    DMAC4_IRQHandler                         0x0000b66b   Thumb Code     0  startup_s6e2cc.o(.text)
    DMAC5_IRQHandler                         0x0000b66b   Thumb Code     0  startup_s6e2cc.o(.text)
    DMAC6_IRQHandler                         0x0000b66b   Thumb Code     0  startup_s6e2cc.o(.text)
    DMAC7_IRQHandler                         0x0000b66b   Thumb Code     0  startup_s6e2cc.o(.text)
    DSTC_IRQHandler                          0x0000b66b   Thumb Code     0  startup_s6e2cc.o(.text)
    DT1_2_IRAHandler                         0x0000b66b   Thumb Code     0  startup_s6e2cc.o(.text)
    Dummy                                    0x0000b66b   Thumb Code     0  startup_s6e2cc.o(.text)
    ETHER0_IRQHandler                        0x0000b66b   Thumb Code     0  startup_s6e2cc.o(.text)
    EXINT0_IRQHandler                        0x0000b66b   Thumb Code     0  startup_s6e2cc.o(.text)
    EXINT16_17_18_19_IRQHandler              0x0000b66b   Thumb Code     0  startup_s6e2cc.o(.text)
    EXINT1_IRQHandler                        0x0000b66b   Thumb Code     0  startup_s6e2cc.o(.text)
    EXINT20_21_22_23_IRQHandler              0x0000b66b   Thumb Code     0  startup_s6e2cc.o(.text)
    EXINT24_25_26_27_IRQHandler              0x0000b66b   Thumb Code     0  startup_s6e2cc.o(.text)
    EXINT28_29_30_31_IRQHandler              0x0000b66b   Thumb Code     0  startup_s6e2cc.o(.text)
    EXINT2_IRQHandler                        0x0000b66b   Thumb Code     0  startup_s6e2cc.o(.text)
    EXINT3_IRQHandler                        0x0000b66b   Thumb Code     0  startup_s6e2cc.o(.text)
    EXINT4_IRQHandler                        0x0000b66b   Thumb Code     0  startup_s6e2cc.o(.text)
    EXINT5_IRQHandler                        0x0000b66b   Thumb Code     0  startup_s6e2cc.o(.text)
    EXINT6_IRQHandler                        0x0000b66b   Thumb Code     0  startup_s6e2cc.o(.text)
    EXINT7_IRQHandler                        0x0000b66b   Thumb Code     0  startup_s6e2cc.o(.text)
    EXTBUS_ERR_Handler                       0x0000b66b   Thumb Code     0  startup_s6e2cc.o(.text)
    EXTINT10_IRQHandler                      0x0000b66b   Thumb Code     0  startup_s6e2cc.o(.text)
    EXTINT11_IRQHandler                      0x0000b66b   Thumb Code     0  startup_s6e2cc.o(.text)
    EXTINT12_IRQHandler                      0x0000b66b   Thumb Code     0  startup_s6e2cc.o(.text)
    EXTINT13_IRQHandler                      0x0000b66b   Thumb Code     0  startup_s6e2cc.o(.text)
    EXTINT14_IRQHandler                      0x0000b66b   Thumb Code     0  startup_s6e2cc.o(.text)
    EXTINT15_IRQHandler                      0x0000b66b   Thumb Code     0  startup_s6e2cc.o(.text)
    EXTINT8_IRQHandler                       0x0000b66b   Thumb Code     0  startup_s6e2cc.o(.text)
    EXTINT9_IRQHandler                       0x0000b66b   Thumb Code     0  startup_s6e2cc.o(.text)
    FLASHIF_IRQHandler                       0x0000b66b   Thumb Code     0  startup_s6e2cc.o(.text)
    FRT0_PEAK_IRQHandler                     0x0000b66b   Thumb Code     0  startup_s6e2cc.o(.text)
    FRT0_ZERO_IRQHandler                     0x0000b66b   Thumb Code     0  startup_s6e2cc.o(.text)
    FRT1_PEAK_IRQHandler                     0x0000b66b   Thumb Code     0  startup_s6e2cc.o(.text)
    FRT1_ZERO_IRQHandler                     0x0000b66b   Thumb Code     0  startup_s6e2cc.o(.text)
    FRT2_PEAK_IRQHandler                     0x0000b66b   Thumb Code     0  startup_s6e2cc.o(.text)
    FRT2_ZERO_IRQHandler                     0x0000b66b   Thumb Code     0  startup_s6e2cc.o(.text)
    HSSPI_IRQHandler                         0x0000b66b   Thumb Code     0  startup_s6e2cc.o(.text)
    ICU0_IRQHandler                          0x0000b66b   Thumb Code     0  startup_s6e2cc.o(.text)
    ICU1_IRQHandler                          0x0000b66b   Thumb Code     0  startup_s6e2cc.o(.text)
    ICU2_IRQHandler                          0x0000b66b   Thumb Code     0  startup_s6e2cc.o(.text)
    IRQ003SEL_IRQHandler                     0x0000b66b   Thumb Code     0  startup_s6e2cc.o(.text)
    IRQ004SEL_IRQHandler                     0x0000b66b   Thumb Code     0  startup_s6e2cc.o(.text)
    IRQ005SEL_IRQHandler                     0x0000b66b   Thumb Code     0  startup_s6e2cc.o(.text)
    IRQ006SEL_IRQHandler                     0x0000b66b   Thumb Code     0  startup_s6e2cc.o(.text)
    IRQ007SEL_IRQHandler                     0x0000b66b   Thumb Code     0  startup_s6e2cc.o(.text)
    IRQ008SEL_IRQHandler                     0x0000b66b   Thumb Code     0  startup_s6e2cc.o(.text)
    IRQ009SEL_IRQHandler                     0x0000b66b   Thumb Code     0  startup_s6e2cc.o(.text)
    IRQ010SEL_IRQHandler                     0x0000b66b   Thumb Code     0  startup_s6e2cc.o(.text)
    LVD_IRQHandler                           0x0000b66b   Thumb Code     0  startup_s6e2cc.o(.text)
    MFS0_RX_IRQHandler                       0x0000b66b   Thumb Code     0  startup_s6e2cc.o(.text)
    MFS0_TX_IRQHandler                       0x0000b66b   Thumb Code     0  startup_s6e2cc.o(.text)
    MFS10_RX_IRQHandler                      0x0000b66b   Thumb Code     0  startup_s6e2cc.o(.text)
    MFS10_TX_IRQHandler                      0x0000b66b   Thumb Code     0  startup_s6e2cc.o(.text)
    MFS11_RX_IRQHandler                      0x0000b66b   Thumb Code     0  startup_s6e2cc.o(.text)
    MFS11_TX_IRQHandler                      0x0000b66b   Thumb Code     0  startup_s6e2cc.o(.text)
    MFS12_RX_IRQHandler                      0x0000b66b   Thumb Code     0  startup_s6e2cc.o(.text)
    MFS12_TX_IRQHandler                      0x0000b66b   Thumb Code     0  startup_s6e2cc.o(.text)
    MFS13_RX_IRQHandler                      0x0000b66b   Thumb Code     0  startup_s6e2cc.o(.text)
    MFS13_TX_IRQHandler                      0x0000b66b   Thumb Code     0  startup_s6e2cc.o(.text)
    MFS14_RX_IRQHandler                      0x0000b66b   Thumb Code     0  startup_s6e2cc.o(.text)
    MFS14_TX_IRQHandler                      0x0000b66b   Thumb Code     0  startup_s6e2cc.o(.text)
    MFS15_RX_IRQHandler                      0x0000b66b   Thumb Code     0  startup_s6e2cc.o(.text)
    MFS15_TX_IRQHandler                      0x0000b66b   Thumb Code     0  startup_s6e2cc.o(.text)
    MFS1_RX_IRQHandler                       0x0000b66b   Thumb Code     0  startup_s6e2cc.o(.text)
    MFS1_TX_IRQHandler                       0x0000b66b   Thumb Code     0  startup_s6e2cc.o(.text)
    MFS2_RX_IRQHandler                       0x0000b66b   Thumb Code     0  startup_s6e2cc.o(.text)
    MFS2_TX_IRQHandler                       0x0000b66b   Thumb Code     0  startup_s6e2cc.o(.text)
    MFS3_RX_IRQHandler                       0x0000b66b   Thumb Code     0  startup_s6e2cc.o(.text)
    MFS3_TX_IRQHandler                       0x0000b66b   Thumb Code     0  startup_s6e2cc.o(.text)
    MFS4_RX_IRQHandler                       0x0000b66b   Thumb Code     0  startup_s6e2cc.o(.text)
    MFS4_TX_IRQHandler                       0x0000b66b   Thumb Code     0  startup_s6e2cc.o(.text)
    MFS5_RX_IRQHandler                       0x0000b66b   Thumb Code     0  startup_s6e2cc.o(.text)
    MFS5_TX_IRQHandler                       0x0000b66b   Thumb Code     0  startup_s6e2cc.o(.text)
    MFS6_RX_IRQHandler                       0x0000b66b   Thumb Code     0  startup_s6e2cc.o(.text)
    MFS6_TX_IRQHandler                       0x0000b66b   Thumb Code     0  startup_s6e2cc.o(.text)
    MFS7_RX_IRQHandler                       0x0000b66b   Thumb Code     0  startup_s6e2cc.o(.text)
    MFS7_TX_IRQHandler                       0x0000b66b   Thumb Code     0  startup_s6e2cc.o(.text)
    MFS8_RX_IRQHandler                       0x0000b66b   Thumb Code     0  startup_s6e2cc.o(.text)
    MFS8_TX_IRQHandler                       0x0000b66b   Thumb Code     0  startup_s6e2cc.o(.text)
    MFS9_RX_IRQHandler                       0x0000b66b   Thumb Code     0  startup_s6e2cc.o(.text)
    MFS9_TX_IRQHandler                       0x0000b66b   Thumb Code     0  startup_s6e2cc.o(.text)
    OCU0_IRQHandler                          0x0000b66b   Thumb Code     0  startup_s6e2cc.o(.text)
    OCU1_IRQHandler                          0x0000b66b   Thumb Code     0  startup_s6e2cc.o(.text)
    OCU2_IRQHandler                          0x0000b66b   Thumb Code     0  startup_s6e2cc.o(.text)
    PPG00_02_04_IRQHandler                   0x0000b66b   Thumb Code     0  startup_s6e2cc.o(.text)
    PPG08_10_12_IRQHandler                   0x0000b66b   Thumb Code     0  startup_s6e2cc.o(.text)
    PPG16_18_20_IRQHandler                   0x0000b66b   Thumb Code     0  startup_s6e2cc.o(.text)
    QPRC0_IRQHandler                         0x0000b66b   Thumb Code     0  startup_s6e2cc.o(.text)
    QPRC1_IRQHandler                         0x0000b66b   Thumb Code     0  startup_s6e2cc.o(.text)
    QPRC2_IRQHandler                         0x0000b66b   Thumb Code     0  startup_s6e2cc.o(.text)
    QPRC3_IRQHandler                         0x0000b66b   Thumb Code     0  startup_s6e2cc.o(.text)
    RTC_IRQHandler                           0x0000b66b   Thumb Code     0  startup_s6e2cc.o(.text)
    SD_IRQHandler                            0x0000b66b   Thumb Code     0  startup_s6e2cc.o(.text)
    SWDT_IRQHandler                          0x0000b66b   Thumb Code     0  startup_s6e2cc.o(.text)
    TIM_IRQHandler                           0x0000b66b   Thumb Code     0  startup_s6e2cc.o(.text)
    USB0_HOST_IRQHandler                     0x0000b66b   Thumb Code     0  startup_s6e2cc.o(.text)
    USB0_IRQHandler                          0x0000b66b   Thumb Code     0  startup_s6e2cc.o(.text)
    USB1_HDMICEC0_IRQHandler                 0x0000b66b   Thumb Code     0  startup_s6e2cc.o(.text)
    USB1_HOST_HDMICEC1_IRQHandler            0x0000b66b   Thumb Code     0  startup_s6e2cc.o(.text)
    WC_IRQHandler                            0x0000b66b   Thumb Code     0  startup_s6e2cc.o(.text)
    WFG0_DTIF0_IRQHandler                    0x0000b66b   Thumb Code     0  startup_s6e2cc.o(.text)
    WFG1_DTIF1_IRQHandler                    0x0000b66b   Thumb Code     0  startup_s6e2cc.o(.text)
    WFG2_DTIF2_IRQHandler                    0x0000b66b   Thumb Code     0  startup_s6e2cc.o(.text)
    __user_initial_stackheap                 0x0000b66d   Thumb Code     0  startup_s6e2cc.o(.text)
    SystemCoreClockUpdate                    0x0000b691   Thumb Code   120  system_s6e2cc.o(.text)
    SystemInit                               0x0000b709   Thumb Code   150  system_s6e2cc.o(.text)
    __aeabi_uldivmod                         0x0000b7c5   Thumb Code     0  lludivv7m.o(.text)
    _ll_udiv                                 0x0000b7c5   Thumb Code   238  lludivv7m.o(.text)
    __aeabi_llsl                             0x0000b8b3   Thumb Code     0  llshl.o(.text)
    _ll_shift_l                              0x0000b8b3   Thumb Code    38  llshl.o(.text)
    __aeabi_lasr                             0x0000b8d9   Thumb Code     0  llsshr.o(.text)
    _ll_sshift_r                             0x0000b8d9   Thumb Code    38  llsshr.o(.text)
    __aeabi_ldivmod                          0x0000b8ff   Thumb Code     0  llsdiv.o(.text)
    _ll_sdiv                                 0x0000b8ff   Thumb Code    72  llsdiv.o(.text)
    __aeabi_memcpy4                          0x0000b947   Thumb Code     0  rt_memcpy_w.o(.text)
    __aeabi_memcpy8                          0x0000b947   Thumb Code     0  rt_memcpy_w.o(.text)
    __rt_memcpy_w                            0x0000b947   Thumb Code   100  rt_memcpy_w.o(.text)
    _memcpy_lastbytes_aligned                0x0000b98f   Thumb Code     0  rt_memcpy_w.o(.text)
    __aeabi_memclr                           0x0000b9ab   Thumb Code     0  rt_memclr.o(.text)
    __rt_memclr                              0x0000b9ab   Thumb Code    68  rt_memclr.o(.text)
    _memset                                  0x0000b9af   Thumb Code     0  rt_memclr.o(.text)
    __aeabi_memclr4                          0x0000b9ef   Thumb Code     0  rt_memclr_w.o(.text)
    __aeabi_memclr8                          0x0000b9ef   Thumb Code     0  rt_memclr_w.o(.text)
    __rt_memclr_w                            0x0000b9ef   Thumb Code    78  rt_memclr_w.o(.text)
    _memset_w                                0x0000b9f3   Thumb Code     0  rt_memclr_w.o(.text)
    __use_two_region_memory                  0x0000ba3d   Thumb Code     2  heapauxi.o(.text)
    __rt_heap_escrow$2region                 0x0000ba3f   Thumb Code     2  heapauxi.o(.text)
    __rt_heap_expand$2region                 0x0000ba41   Thumb Code     2  heapauxi.o(.text)
    __read_errno                             0x0000ba43   Thumb Code    10  _rserrno.o(.text)
    __set_errno                              0x0000ba4d   Thumb Code    12  _rserrno.o(.text)
    __aeabi_errno_addr                       0x0000ba59   Thumb Code     8  rt_errno_addr_intlibspace.o(.text)
    __errno$intlibspace                      0x0000ba59   Thumb Code     0  rt_errno_addr_intlibspace.o(.text)
    __rt_errno_addr$intlibspace              0x0000ba59   Thumb Code     0  rt_errno_addr_intlibspace.o(.text)
    __user_libspace                          0x0000ba61   Thumb Code     8  libspace.o(.text)
    __user_perproc_libspace                  0x0000ba61   Thumb Code     0  libspace.o(.text)
    __user_perthread_libspace                0x0000ba61   Thumb Code     0  libspace.o(.text)
    __user_setup_stackheap                   0x0000ba69   Thumb Code    74  sys_stackheap_outer.o(.text)
    exit                                     0x0000bab3   Thumb Code    18  exit.o(.text)
    _sys_exit                                0x0000bac5   Thumb Code     8  sys_exit.o(.text)
    __I$use$semihosting                      0x0000bad1   Thumb Code     0  use_no_semi.o(.text)
    __use_no_semihosting_swi                 0x0000bad1   Thumb Code     2  use_no_semi.o(.text)
    __ARM_fpclassify                         0x0000bad3   Thumb Code    48  fpclassify.o(i.__ARM_fpclassify)
    __semihosting_library_function           0x0000bad3   Thumb Code     0  indicate_semi.o(.text)
    __ARM_fpclassifyf                        0x0000bb03   Thumb Code    38  fpclassifyf.o(i.__ARM_fpclassifyf)
    __hardfp_exp                             0x0000bb29   Thumb Code   714  exp.o(i.__hardfp_exp)
    __hardfp_expf                            0x0000be81   Thumb Code   426  expf.o(i.__hardfp_expf)
    __mathlib_expf                           0x0000be81   Thumb Code     0  expf.o(i.__hardfp_expf)
    __hardfp_fabs                            0x0000c069   Thumb Code    20  fabs.o(i.__hardfp_fabs)
    __hardfp_log                             0x0000c081   Thumb Code   872  log.o(i.__hardfp_log)
    __hardfp_logf                            0x0000c445   Thumb Code   320  logf.o(i.__hardfp_logf)
    __mathlib_logf                           0x0000c445   Thumb Code     0  logf.o(i.__hardfp_logf)
    __hardfp_sqrt                            0x0000c5b1   Thumb Code   122  sqrt.o(i.__hardfp_sqrt)
    __kernel_poly                            0x0000c62b   Thumb Code   248  poly.o(i.__kernel_poly)
    __mathlib_dbl_divzero                    0x0000c729   Thumb Code    28  dunder.o(i.__mathlib_dbl_divzero)
    __mathlib_dbl_infnan                     0x0000c759   Thumb Code    20  dunder.o(i.__mathlib_dbl_infnan)
    __mathlib_dbl_invalid                    0x0000c771   Thumb Code    24  dunder.o(i.__mathlib_dbl_invalid)
    __mathlib_dbl_overflow                   0x0000c791   Thumb Code    24  dunder.o(i.__mathlib_dbl_overflow)
    __mathlib_dbl_underflow                  0x0000c7b1   Thumb Code    24  dunder.o(i.__mathlib_dbl_underflow)
    __mathlib_flt_divzero                    0x0000c7d1   Thumb Code    14  funder.o(i.__mathlib_flt_divzero)
    __mathlib_flt_infnan                     0x0000c7e5   Thumb Code     6  funder.o(i.__mathlib_flt_infnan)
    __mathlib_flt_invalid                    0x0000c7ed   Thumb Code    10  funder.o(i.__mathlib_flt_invalid)
    __mathlib_flt_overflow                   0x0000c7fd   Thumb Code    10  funder.o(i.__mathlib_flt_overflow)
    __mathlib_flt_underflow                  0x0000c80d   Thumb Code    10  funder.o(i.__mathlib_flt_underflow)
    __aeabi_dneg                             0x0000c81d   Thumb Code     0  basic.o(x$fpl$basic)
    _dneg                                    0x0000c81d   Thumb Code     6  basic.o(x$fpl$basic)
    __aeabi_fneg                             0x0000c823   Thumb Code     0  basic.o(x$fpl$basic)
    _fneg                                    0x0000c823   Thumb Code     6  basic.o(x$fpl$basic)
    _dabs                                    0x0000c829   Thumb Code     6  basic.o(x$fpl$basic)
    _fabs                                    0x0000c82f   Thumb Code     6  basic.o(x$fpl$basic)
    __aeabi_d2f                              0x0000c835   Thumb Code     0  d2f.o(x$fpl$d2f)
    _d2f                                     0x0000c835   Thumb Code    98  d2f.o(x$fpl$d2f)
    __aeabi_dadd                             0x0000c899   Thumb Code     0  daddsub_clz.o(x$fpl$dadd)
    _dadd                                    0x0000c899   Thumb Code   332  daddsub_clz.o(x$fpl$dadd)
    __fpl_dcmp_Inf                           0x0000c9e9   Thumb Code    24  dcmpi.o(x$fpl$dcmpinf)
    __aeabi_ddiv                             0x0000ca01   Thumb Code     0  ddiv.o(x$fpl$ddiv)
    _ddiv                                    0x0000ca01   Thumb Code   552  ddiv.o(x$fpl$ddiv)
    __aeabi_cdcmpeq                          0x0000ccb1   Thumb Code     0  deqf.o(x$fpl$deqf)
    _dcmpeq                                  0x0000ccb1   Thumb Code   120  deqf.o(x$fpl$deqf)
    __aeabi_d2iz                             0x0000cd29   Thumb Code     0  dfix.o(x$fpl$dfix)
    _dfix                                    0x0000cd29   Thumb Code    94  dfix.o(x$fpl$dfix)
    __aeabi_i2d                              0x0000cd87   Thumb Code     0  dflt_clz.o(x$fpl$dflt)
    _dflt                                    0x0000cd87   Thumb Code    46  dflt_clz.o(x$fpl$dflt)
    __aeabi_ui2d                             0x0000cdb5   Thumb Code     0  dflt_clz.o(x$fpl$dfltu)
    _dfltu                                   0x0000cdb5   Thumb Code    38  dflt_clz.o(x$fpl$dfltu)
    __aeabi_cdcmple                          0x0000cddd   Thumb Code     0  dleqf.o(x$fpl$dleqf)
    _dcmple                                  0x0000cddd   Thumb Code   120  dleqf.o(x$fpl$dleqf)
    __fpl_dcmple_InfNaN                      0x0000ce3f   Thumb Code     0  dleqf.o(x$fpl$dleqf)
    __aeabi_dmul                             0x0000ce55   Thumb Code     0  dmul.o(x$fpl$dmul)
    _dmul                                    0x0000ce55   Thumb Code   332  dmul.o(x$fpl$dmul)
    __fpl_dnaninf                            0x0000cfa9   Thumb Code   156  dnaninf.o(x$fpl$dnaninf)
    __fpl_dretinf                            0x0000d045   Thumb Code    12  dretinf.o(x$fpl$dretinf)
    __aeabi_cdrcmple                         0x0000d051   Thumb Code     0  drleqf.o(x$fpl$drleqf)
    _drcmple                                 0x0000d051   Thumb Code   108  drleqf.o(x$fpl$drleqf)
    __aeabi_drsub                            0x0000d0bd   Thumb Code     0  daddsub_clz.o(x$fpl$drsb)
    _drsb                                    0x0000d0bd   Thumb Code    22  daddsub_clz.o(x$fpl$drsb)
    _dsqrt                                   0x0000d0d5   Thumb Code   404  dsqrt_umaal.o(x$fpl$dsqrt)
    __aeabi_dsub                             0x0000d26d   Thumb Code     0  daddsub_clz.o(x$fpl$dsub)
    _dsub                                    0x0000d26d   Thumb Code   464  daddsub_clz.o(x$fpl$dsub)
    __aeabi_f2d                              0x0000d441   Thumb Code     0  f2d.o(x$fpl$f2d)
    _f2d                                     0x0000d441   Thumb Code    86  f2d.o(x$fpl$f2d)
    __fpl_fnaninf                            0x0000d497   Thumb Code   140  fnaninf.o(x$fpl$fnaninf)
    _fp_init                                 0x0000d523   Thumb Code    10  fpinit.o(x$fpl$fpinit)
    __fplib_config_fpu_vfp                   0x0000d52b   Thumb Code     0  fpinit.o(x$fpl$fpinit)
    __fplib_config_pureend_doubles           0x0000d52b   Thumb Code     0  fpinit.o(x$fpl$fpinit)
    __fpl_fretinf                            0x0000d52d   Thumb Code    10  fretinf.o(x$fpl$fretinf)
    __aeabi_f2lz                             0x0000d539   Thumb Code     0  ffixll.o(x$fpl$llsfromf)
    _ll_sfrom_f                              0x0000d539   Thumb Code   134  ffixll.o(x$fpl$llsfromf)
    __I$use$fp                               0x0000d5be   Number         0  usenofp.o(x$fpl$usenofp)
    armRecipTableQ15                         0x0000d5c0   Data         128  commontables.o(.constdata)
    armRecipTableQ31                         0x0000d640   Data         256  commontables.o(.constdata)
    sinTable_f32                             0x0000d740   Data        2052  commontables.o(.constdata)
    sinTable_q31                             0x0000df44   Data        2052  commontables.o(.constdata)
    sinTable_q15                             0x0000e748   Data        1026  commontables.o(.constdata)
    sqrt_initial_lut_q31                     0x0000eb4c   Data         128  commontables.o(.constdata)
    sqrt_initial_lut_q15                     0x0000ebcc   Data          32  commontables.o(.constdata)
    __mathlib_zero                           0x0000ed60   Data           8  qnan.o(.constdata)
    Region$$Table$$Base                      0x0000ed68   Number         0  anon$$obj.o(Region$$Table)
    Region$$Table$$Limit                     0x0000ed88   Number         0  anon$$obj.o(Region$$Table)
    z                                        0x1ffd0000   Data           1  loop_intr.o(.data)
    z2                                       0x1ffd0001   Data           1  loop_intr.o(.data)
    audio_chR                                0x1ffd0002   Data           2  loop_intr.o(.data)
    audio_chL                                0x1ffd0004   Data           2  loop_intr.o(.data)
    br_prozora                               0x1ffd0006   Data           2  loop_intr.o(.data)
    n                                        0x1ffd0008   Data           2  loop_intr.o(.data)
    a                                        0x1ffd000a   Data           2  loop_intr.o(.data)
    br                                       0x1ffd0014   Data           4  loop_intr.o(.data)
    x                                        0x1ffd0018   Data           4  loop_intr.o(.data)
    y                                        0x1ffd001c   Data           4  loop_intr.o(.data)
    i                                        0x1ffd0020   Data           4  loop_intr.o(.data)
    j                                        0x1ffd0024   Data           4  loop_intr.o(.data)
    pos_cor1                                 0x1ffd0028   Data           4  loop_intr.o(.data)
    pos_cor2                                 0x1ffd002c   Data           4  loop_intr.o(.data)
    pos_cor3                                 0x1ffd0030   Data           4  loop_intr.o(.data)
    pos_cor4                                 0x1ffd0034   Data           4  loop_intr.o(.data)
    pos_cor5                                 0x1ffd0038   Data           4  loop_intr.o(.data)
    h                                        0x1ffd003c   Data         516  loop_intr.o(.data)
    h1                                       0x1ffd0240   Data       24384  loop_intr.o(.data)
    pirati1                                  0x1ffd6180   Data        2480  loop_intr.o(.data)
    pirati2                                  0x1ffd6b30   Data        2480  loop_intr.o(.data)
    pirati3                                  0x1ffd74e0   Data        2480  loop_intr.o(.data)
    pirati4                                  0x1ffd7e90   Data        2480  loop_intr.o(.data)
    pirati5                                  0x1ffd8840   Data        2480  loop_intr.o(.data)
    dp1                                      0x1ffd91f0   Data        2480  loop_intr.o(.data)
    dp2                                      0x1ffd9ba0   Data        2480  loop_intr.o(.data)
    dp3                                      0x1ffda550   Data        2480  loop_intr.o(.data)
    dp4                                      0x1ffdaf00   Data        2480  loop_intr.o(.data)
    dp5                                      0x1ffdb8b0   Data        2480  loop_intr.o(.data)
    tetris1                                  0x1ffdc260   Data        2480  loop_intr.o(.data)
    tetris2                                  0x1ffdcc10   Data        2480  loop_intr.o(.data)
    tetris3                                  0x1ffdd5c0   Data        2480  loop_intr.o(.data)
    tetris4                                  0x1ffddf70   Data        2480  loop_intr.o(.data)
    tetris5                                  0x1ffde920   Data        2480  loop_intr.o(.data)
    acdc1                                    0x1ffdf2d0   Data        2480  loop_intr.o(.data)
    acdc2                                    0x1ffdfc80   Data        2480  loop_intr.o(.data)
    acdc3                                    0x1ffe0630   Data        2480  loop_intr.o(.data)
    acdc4                                    0x1ffe0fe0   Data        2480  loop_intr.o(.data)
    acdc5                                    0x1ffe1990   Data        2480  loop_intr.o(.data)
    mario1                                   0x1ffe2340   Data        2480  loop_intr.o(.data)
    mario2                                   0x1ffe2cf0   Data        2480  loop_intr.o(.data)
    mario3                                   0x1ffe36a0   Data        2480  loop_intr.o(.data)
    mario4                                   0x1ffe4050   Data        2480  loop_intr.o(.data)
    mario5                                   0x1ffe4a00   Data        2480  loop_intr.o(.data)
    rasputin1                                0x1ffe53b0   Data        2480  loop_intr.o(.data)
    rasputin2                                0x1ffe5d60   Data        2480  loop_intr.o(.data)
    rasputin3                                0x1ffe6710   Data        2480  loop_intr.o(.data)
    rasputin4                                0x1ffe70c0   Data        2480  loop_intr.o(.data)
    rasputin5                                0x1ffe7a70   Data        2480  loop_intr.o(.data)
    sreg                                     0x1ffe8420   Data           2  audio.o(.data)
    fb                                       0x1ffe8424   Data           4  audio.o(.data)
    SystemCoreClock                          0x1ffe8434   Data           4  system_s6e2cc.o(.data)
    state                                    0x1ffe8438   Data         516  loop_intr.o(.bss)
    S                                        0x1ffe863c   Data          12  loop_intr.o(.bss)
    W                                        0x1ffe8648   Data        2048  loop_intr.o(.bss)
    izlaz                                    0x1ffe8e48   Data         512  loop_intr.o(.bss)
    ulaz                                     0x1ffe9048   Data        1024  loop_intr.o(.bss)
    mfcc1                                    0x1ffe9448   Data        1256  loop_intr.o(.bss)
    mfcc2                                    0x1ffe9930   Data        1256  loop_intr.o(.bss)
    mfcc3                                    0x1ffe9e18   Data        1256  loop_intr.o(.bss)
    mfcc4                                    0x1ffea300   Data        1256  loop_intr.o(.bss)
    mfcc5                                    0x1ffea7e8   Data        1256  loop_intr.o(.bss)
    cor1                                     0x1ffeacd0   Data        4956  loop_intr.o(.bss)
    cor2                                     0x1ffec02c   Data        4956  loop_intr.o(.bss)
    cor3                                     0x1ffed388   Data        4956  loop_intr.o(.bss)
    cor4                                     0x1ffee6e4   Data        4956  loop_intr.o(.bss)
    cor5                                     0x1ffefa40   Data        4956  loop_intr.o(.bss)
    niz_max_cor1                             0x1fff0d9c   Data          24  loop_intr.o(.bss)
    niz_max_cor2                             0x1fff0db4   Data          24  loop_intr.o(.bss)
    niz_max_cor3                             0x1fff0dcc   Data          24  loop_intr.o(.bss)
    niz_max_cor4                             0x1fff0de4   Data          24  loop_intr.o(.bss)
    niz_max_cor5                             0x1fff0dfc   Data          24  loop_intr.o(.bss)
    niz_max                                  0x1fff0e14   Data          24  loop_intr.o(.bss)
    stcDES                                   0x1fff122c   Data          56  dstc.o(.bss)
    __libspace_start                         0x1fff1264   Data          96  libspace.o(.bss)
    __temporary_stack_top$libspace           0x1fff12c4   Data           0  libspace.o(.bss)



==============================================================================

Memory Map of the image

  Image Entry point : 0x00000241

  Load Region LR_IROM1 (Base: 0x00000000, Size: 0x000271c0, Max: 0x00300000, ABSOLUTE, COMPRESSED[0x0001fcfc])

    Execution Region ER_IROM1 (Exec base: 0x00000000, Load base: 0x00000000, Size: 0x0000ed88, Max: 0x00300000, ABSOLUTE)

    Exec Addr    Load Addr    Size         Type   Attr      Idx    E Section Name        Object

    0x00000000   0x00000000   0x00000240   Data   RO         2956    RESET               startup_s6e2cc.o
    0x00000240   0x00000240   0x00000008   Code   RO         3016  * !!!main             c_w.l(__main.o)
    0x00000248   0x00000248   0x00000034   Code   RO         3394    !!!scatter          c_w.l(__scatter.o)
    0x0000027c   0x0000027c   0x0000005a   Code   RO         3392    !!dczerorl2         c_w.l(__dczerorl2.o)
    0x000002d6   0x000002d6   0x00000002   PAD
    0x000002d8   0x000002d8   0x0000001c   Code   RO         3396    !!handler_zi        c_w.l(__scatter_zi.o)
    0x000002f4   0x000002f4   0x00000002   Code   RO         3263    .ARM.Collect$$libinit$$00000000  c_w.l(libinit.o)
    0x000002f6   0x000002f6   0x00000004   Code   RO         3272    .ARM.Collect$$libinit$$00000001  c_w.l(libinit2.o)
    0x000002fa   0x000002fa   0x00000000   Code   RO         3275    .ARM.Collect$$libinit$$00000004  c_w.l(libinit2.o)
    0x000002fa   0x000002fa   0x00000000   Code   RO         3278    .ARM.Collect$$libinit$$0000000A  c_w.l(libinit2.o)
    0x000002fa   0x000002fa   0x00000000   Code   RO         3280    .ARM.Collect$$libinit$$0000000C  c_w.l(libinit2.o)
    0x000002fa   0x000002fa   0x00000000   Code   RO         3282    .ARM.Collect$$libinit$$0000000E  c_w.l(libinit2.o)
    0x000002fa   0x000002fa   0x00000000   Code   RO         3285    .ARM.Collect$$libinit$$00000011  c_w.l(libinit2.o)
    0x000002fa   0x000002fa   0x00000000   Code   RO         3287    .ARM.Collect$$libinit$$00000013  c_w.l(libinit2.o)
    0x000002fa   0x000002fa   0x00000000   Code   RO         3289    .ARM.Collect$$libinit$$00000015  c_w.l(libinit2.o)
    0x000002fa   0x000002fa   0x00000000   Code   RO         3291    .ARM.Collect$$libinit$$00000017  c_w.l(libinit2.o)
    0x000002fa   0x000002fa   0x00000000   Code   RO         3293    .ARM.Collect$$libinit$$00000019  c_w.l(libinit2.o)
    0x000002fa   0x000002fa   0x00000000   Code   RO         3295    .ARM.Collect$$libinit$$0000001B  c_w.l(libinit2.o)
    0x000002fa   0x000002fa   0x00000000   Code   RO         3297    .ARM.Collect$$libinit$$0000001D  c_w.l(libinit2.o)
    0x000002fa   0x000002fa   0x00000000   Code   RO         3299    .ARM.Collect$$libinit$$0000001F  c_w.l(libinit2.o)
    0x000002fa   0x000002fa   0x00000000   Code   RO         3301    .ARM.Collect$$libinit$$00000021  c_w.l(libinit2.o)
    0x000002fa   0x000002fa   0x00000000   Code   RO         3303    .ARM.Collect$$libinit$$00000023  c_w.l(libinit2.o)
    0x000002fa   0x000002fa   0x00000000   Code   RO         3305    .ARM.Collect$$libinit$$00000025  c_w.l(libinit2.o)
    0x000002fa   0x000002fa   0x00000000   Code   RO         3309    .ARM.Collect$$libinit$$0000002C  c_w.l(libinit2.o)
    0x000002fa   0x000002fa   0x00000000   Code   RO         3311    .ARM.Collect$$libinit$$0000002E  c_w.l(libinit2.o)
    0x000002fa   0x000002fa   0x00000000   Code   RO         3313    .ARM.Collect$$libinit$$00000030  c_w.l(libinit2.o)
    0x000002fa   0x000002fa   0x00000000   Code   RO         3315    .ARM.Collect$$libinit$$00000032  c_w.l(libinit2.o)
    0x000002fa   0x000002fa   0x00000002   Code   RO         3316    .ARM.Collect$$libinit$$00000033  c_w.l(libinit2.o)
    0x000002fc   0x000002fc   0x00000002   Code   RO         3347    .ARM.Collect$$libshutdown$$00000000  c_w.l(libshutdown.o)
    0x000002fe   0x000002fe   0x00000000   Code   RO         3373    .ARM.Collect$$libshutdown$$00000002  c_w.l(libshutdown2.o)
    0x000002fe   0x000002fe   0x00000000   Code   RO         3375    .ARM.Collect$$libshutdown$$00000004  c_w.l(libshutdown2.o)
    0x000002fe   0x000002fe   0x00000000   Code   RO         3377    .ARM.Collect$$libshutdown$$00000006  c_w.l(libshutdown2.o)
    0x000002fe   0x000002fe   0x00000000   Code   RO         3380    .ARM.Collect$$libshutdown$$00000009  c_w.l(libshutdown2.o)
    0x000002fe   0x000002fe   0x00000000   Code   RO         3383    .ARM.Collect$$libshutdown$$0000000C  c_w.l(libshutdown2.o)
    0x000002fe   0x000002fe   0x00000000   Code   RO         3385    .ARM.Collect$$libshutdown$$0000000E  c_w.l(libshutdown2.o)
    0x000002fe   0x000002fe   0x00000000   Code   RO         3388    .ARM.Collect$$libshutdown$$00000011  c_w.l(libshutdown2.o)
    0x000002fe   0x000002fe   0x00000002   Code   RO         3389    .ARM.Collect$$libshutdown$$00000012  c_w.l(libshutdown2.o)
    0x00000300   0x00000300   0x00000000   Code   RO         3164    .ARM.Collect$$rtentry$$00000000  c_w.l(__rtentry.o)
    0x00000300   0x00000300   0x00000000   Code   RO         3226    .ARM.Collect$$rtentry$$00000002  c_w.l(__rtentry2.o)
    0x00000300   0x00000300   0x00000006   Code   RO         3238    .ARM.Collect$$rtentry$$00000004  c_w.l(__rtentry4.o)
    0x00000306   0x00000306   0x00000000   Code   RO         3228    .ARM.Collect$$rtentry$$00000009  c_w.l(__rtentry2.o)
    0x00000306   0x00000306   0x00000004   Code   RO         3229    .ARM.Collect$$rtentry$$0000000A  c_w.l(__rtentry2.o)
    0x0000030a   0x0000030a   0x00000000   Code   RO         3231    .ARM.Collect$$rtentry$$0000000C  c_w.l(__rtentry2.o)
    0x0000030a   0x0000030a   0x00000008   Code   RO         3232    .ARM.Collect$$rtentry$$0000000D  c_w.l(__rtentry2.o)
    0x00000312   0x00000312   0x00000002   Code   RO         3264    .ARM.Collect$$rtexit$$00000000  c_w.l(rtexit.o)
    0x00000314   0x00000314   0x00000000   Code   RO         3320    .ARM.Collect$$rtexit$$00000002  c_w.l(rtexit2.o)
    0x00000314   0x00000314   0x00000004   Code   RO         3321    .ARM.Collect$$rtexit$$00000003  c_w.l(rtexit2.o)
    0x00000318   0x00000318   0x00000006   Code   RO         3322    .ARM.Collect$$rtexit$$00000004  c_w.l(rtexit2.o)
    0x0000031e   0x0000031e   0x00000002   PAD
    0x00000320   0x00000320   0x0000000a   Code   RO          231    .emb_text           delay.o
    0x0000032a   0x0000032a   0x00000002   PAD
    0x0000032c   0x0000032c   0x00000d38   Code   RO            4    .text               loop_intr.o
    0x00001064   0x00001064   0x00000178   Code   RO          171    .text               audio.o
    0x000011dc   0x000011dc   0x00000054   Code   RO          232    .text               delay.o
    0x00001230   0x00001230   0x0000016c   Code   RO          253    .text               gpio.o
    0x0000139c   0x0000139c   0x00000124   Code   RO          288    .text               i2c.o
    0x000014c0   0x000014c0   0x000002bc   Code   RO          313    .text               i2s.o
    0x0000177c   0x0000177c   0x0000024c   Code   RO          343    .text               dstc.o
    0x000019c8   0x000019c8   0x00000804   Code   RO          377    .text               basicmathfunctions.o
    0x000021cc   0x000021cc   0x00000e20   Code   RO         1276    .text               fastmathfunctions.o
    0x00002fec   0x00002fec   0x000069dc   Code   RO         1395    .text               filteringfunctions.o
    0x000099c8   0x000099c8   0x000014f8   Code   RO         2244    .text               statisticsfunctions.o
    0x0000aec0   0x0000aec0   0x00000784   Code   RO         2556    .text               supportfunctions.o
    0x0000b644   0x0000b644   0x0000004c   Code   RO         2957    .text               startup_s6e2cc.o
    0x0000b690   0x0000b690   0x00000134   Code   RO         2964    .text               system_s6e2cc.o
    0x0000b7c4   0x0000b7c4   0x000000ee   Code   RO         3000    .text               c_w.l(lludivv7m.o)
    0x0000b8b2   0x0000b8b2   0x00000026   Code   RO         3002    .text               c_w.l(llshl.o)
    0x0000b8d8   0x0000b8d8   0x00000026   Code   RO         3004    .text               c_w.l(llsshr.o)
    0x0000b8fe   0x0000b8fe   0x00000048   Code   RO         3006    .text               c_w.l(llsdiv.o)
    0x0000b946   0x0000b946   0x00000064   Code   RO         3008    .text               c_w.l(rt_memcpy_w.o)
    0x0000b9aa   0x0000b9aa   0x00000044   Code   RO         3010    .text               c_w.l(rt_memclr.o)
    0x0000b9ee   0x0000b9ee   0x0000004e   Code   RO         3012    .text               c_w.l(rt_memclr_w.o)
    0x0000ba3c   0x0000ba3c   0x00000006   Code   RO         3014    .text               c_w.l(heapauxi.o)
    0x0000ba42   0x0000ba42   0x00000016   Code   RO         3169    .text               c_w.l(_rserrno.o)
    0x0000ba58   0x0000ba58   0x00000008   Code   RO         3245    .text               c_w.l(rt_errno_addr_intlibspace.o)
    0x0000ba60   0x0000ba60   0x00000008   Code   RO         3247    .text               c_w.l(libspace.o)
    0x0000ba68   0x0000ba68   0x0000004a   Code   RO         3250    .text               c_w.l(sys_stackheap_outer.o)
    0x0000bab2   0x0000bab2   0x00000012   Code   RO         3252    .text               c_w.l(exit.o)
    0x0000bac4   0x0000bac4   0x0000000c   Code   RO         3317    .text               c_w.l(sys_exit.o)
    0x0000bad0   0x0000bad0   0x00000002   Code   RO         3336    .text               c_w.l(use_no_semi.o)
    0x0000bad2   0x0000bad2   0x00000000   Code   RO         3338    .text               c_w.l(indicate_semi.o)
    0x0000bad2   0x0000bad2   0x00000030   Code   RO         3204    i.__ARM_fpclassify  m_wm.l(fpclassify.o)
    0x0000bb02   0x0000bb02   0x00000026   Code   RO         3206    i.__ARM_fpclassifyf  m_wm.l(fpclassifyf.o)
    0x0000bb28   0x0000bb28   0x00000358   Code   RO         3052    i.__hardfp_exp      m_wm.l(exp.o)
    0x0000be80   0x0000be80   0x000001e8   Code   RO         3066    i.__hardfp_expf     m_wm.l(expf.o)
    0x0000c068   0x0000c068   0x00000014   Code   RO         3080    i.__hardfp_fabs     m_wm.l(fabs.o)
    0x0000c07c   0x0000c07c   0x00000004   PAD
    0x0000c080   0x0000c080   0x000003c4   Code   RO         3086    i.__hardfp_log      m_wm.l(log.o)
    0x0000c444   0x0000c444   0x0000016c   Code   RO         3100    i.__hardfp_logf     m_wm.l(logf.o)
    0x0000c5b0   0x0000c5b0   0x0000007a   Code   RO         3128    i.__hardfp_sqrt     m_wm.l(sqrt.o)
    0x0000c62a   0x0000c62a   0x000000f8   Code   RO         3222    i.__kernel_poly     m_wm.l(poly.o)
    0x0000c722   0x0000c722   0x00000006   PAD
    0x0000c728   0x0000c728   0x00000030   Code   RO         3190    i.__mathlib_dbl_divzero  m_wm.l(dunder.o)
    0x0000c758   0x0000c758   0x00000014   Code   RO         3191    i.__mathlib_dbl_infnan  m_wm.l(dunder.o)
    0x0000c76c   0x0000c76c   0x00000004   PAD
    0x0000c770   0x0000c770   0x00000020   Code   RO         3193    i.__mathlib_dbl_invalid  m_wm.l(dunder.o)
    0x0000c790   0x0000c790   0x00000020   Code   RO         3194    i.__mathlib_dbl_overflow  m_wm.l(dunder.o)
    0x0000c7b0   0x0000c7b0   0x00000020   Code   RO         3196    i.__mathlib_dbl_underflow  m_wm.l(dunder.o)
    0x0000c7d0   0x0000c7d0   0x00000014   Code   RO         3208    i.__mathlib_flt_divzero  m_wm.l(funder.o)
    0x0000c7e4   0x0000c7e4   0x00000006   Code   RO         3209    i.__mathlib_flt_infnan  m_wm.l(funder.o)
    0x0000c7ea   0x0000c7ea   0x00000002   PAD
    0x0000c7ec   0x0000c7ec   0x00000010   Code   RO         3211    i.__mathlib_flt_invalid  m_wm.l(funder.o)
    0x0000c7fc   0x0000c7fc   0x00000010   Code   RO         3212    i.__mathlib_flt_overflow  m_wm.l(funder.o)
    0x0000c80c   0x0000c80c   0x00000010   Code   RO         3214    i.__mathlib_flt_underflow  m_wm.l(funder.o)
    0x0000c81c   0x0000c81c   0x00000018   Code   RO         3018    x$fpl$basic         fz_wm.l(basic.o)
    0x0000c834   0x0000c834   0x00000062   Code   RO         3020    x$fpl$d2f           fz_wm.l(d2f.o)
    0x0000c896   0x0000c896   0x00000002   PAD
    0x0000c898   0x0000c898   0x00000150   Code   RO         3022    x$fpl$dadd          fz_wm.l(daddsub_clz.o)
    0x0000c9e8   0x0000c9e8   0x00000018   Code   RO         3171    x$fpl$dcmpinf       fz_wm.l(dcmpi.o)
    0x0000ca00   0x0000ca00   0x000002b0   Code   RO         3029    x$fpl$ddiv          fz_wm.l(ddiv.o)
    0x0000ccb0   0x0000ccb0   0x00000078   Code   RO         3032    x$fpl$deqf          fz_wm.l(deqf.o)
    0x0000cd28   0x0000cd28   0x0000005e   Code   RO         3173    x$fpl$dfix          fz_wm.l(dfix.o)
    0x0000cd86   0x0000cd86   0x0000002e   Code   RO         3035    x$fpl$dflt          fz_wm.l(dflt_clz.o)
    0x0000cdb4   0x0000cdb4   0x00000026   Code   RO         3034    x$fpl$dfltu         fz_wm.l(dflt_clz.o)
    0x0000cdda   0x0000cdda   0x00000002   PAD
    0x0000cddc   0x0000cddc   0x00000078   Code   RO         3040    x$fpl$dleqf         fz_wm.l(dleqf.o)
    0x0000ce54   0x0000ce54   0x00000154   Code   RO         3042    x$fpl$dmul          fz_wm.l(dmul.o)
    0x0000cfa8   0x0000cfa8   0x0000009c   Code   RO         3177    x$fpl$dnaninf       fz_wm.l(dnaninf.o)
    0x0000d044   0x0000d044   0x0000000c   Code   RO         3179    x$fpl$dretinf       fz_wm.l(dretinf.o)
    0x0000d050   0x0000d050   0x0000006c   Code   RO         3044    x$fpl$drleqf        fz_wm.l(drleqf.o)
    0x0000d0bc   0x0000d0bc   0x00000016   Code   RO         3023    x$fpl$drsb          fz_wm.l(daddsub_clz.o)
    0x0000d0d2   0x0000d0d2   0x00000002   PAD
    0x0000d0d4   0x0000d0d4   0x00000198   Code   RO         3181    x$fpl$dsqrt         fz_wm.l(dsqrt_umaal.o)
    0x0000d26c   0x0000d26c   0x000001d4   Code   RO         3024    x$fpl$dsub          fz_wm.l(daddsub_clz.o)
    0x0000d440   0x0000d440   0x00000056   Code   RO         3046    x$fpl$f2d           fz_wm.l(f2d.o)
    0x0000d496   0x0000d496   0x0000008c   Code   RO         3183    x$fpl$fnaninf       fz_wm.l(fnaninf.o)
    0x0000d522   0x0000d522   0x0000000a   Code   RO         3332    x$fpl$fpinit        fz_wm.l(fpinit.o)
    0x0000d52c   0x0000d52c   0x0000000a   Code   RO         3185    x$fpl$fretinf       fz_wm.l(fretinf.o)
    0x0000d536   0x0000d536   0x00000002   PAD
    0x0000d538   0x0000d538   0x00000086   Code   RO         3048    x$fpl$llsfromf      fz_wm.l(ffixll.o)
    0x0000d5be   0x0000d5be   0x00000000   Code   RO         3189    x$fpl$usenofp       fz_wm.l(usenofp.o)
    0x0000d5be   0x0000d5be   0x00000002   PAD
    0x0000d5c0   0x0000d5c0   0x00000080   Data   RO          806    .constdata          commontables.o
    0x0000d640   0x0000d640   0x00000100   Data   RO          807    .constdata          commontables.o
    0x0000d740   0x0000d740   0x00000804   Data   RO          808    .constdata          commontables.o
    0x0000df44   0x0000df44   0x00000804   Data   RO          809    .constdata          commontables.o
    0x0000e748   0x0000e748   0x00000402   Data   RO          810    .constdata          commontables.o
    0x0000eb4a   0x0000eb4a   0x00000002   PAD
    0x0000eb4c   0x0000eb4c   0x00000080   Data   RO          811    .constdata          commontables.o
    0x0000ebcc   0x0000ebcc   0x00000020   Data   RO          812    .constdata          commontables.o
    0x0000ebec   0x0000ebec   0x00000070   Data   RO         1277    .constdata          fastmathfunctions.o
    0x0000ec5c   0x0000ec5c   0x00000004   PAD
    0x0000ec60   0x0000ec60   0x00000058   Data   RO         3055    .constdata          m_wm.l(exp.o)
    0x0000ecb8   0x0000ecb8   0x00000030   Data   RO         3069    .constdata          m_wm.l(expf.o)
    0x0000ece8   0x0000ece8   0x00000038   Data   RO         3089    .constdata          m_wm.l(log.o)
    0x0000ed20   0x0000ed20   0x00000040   Data   RO         3103    .constdata          m_wm.l(logf.o)
    0x0000ed60   0x0000ed60   0x00000008   Data   RO         3224    .constdata          m_wm.l(qnan.o)
    0x0000ed68   0x0000ed68   0x00000020   Data   RO         3390    Region$$Table       anon$$obj.o


    Execution Region RW_IRAM1 (Exec base: 0x1ffd0000, Load base: 0x0000ed88, Size: 0x000214c8, Max: 0x00030000, ABSOLUTE, COMPRESSED[0x00010f74])

    Exec Addr    Load Addr    Size         Type   Attr      Idx    E Section Name        Object

    0x1ffd0000   COMPRESSED   0x00018420   Data   RW            7    .data               loop_intr.o
    0x1ffe8420   COMPRESSED   0x00000008   Data   RW          172    .data               audio.o
    0x1ffe8428   COMPRESSED   0x00000004   Data   RW          314    .data               i2s.o
    0x1ffe842c   COMPRESSED   0x00000004   Data   RW          345    .data               dstc.o
    0x1ffe8430   COMPRESSED   0x00000008   Data   RW         2965    .data               system_s6e2cc.o
    0x1ffe8438        -       0x000089f4   Zero   RW            5    .bss                loop_intr.o
    0x1fff0e2c        -       0x00000438   Zero   RW          344    .bss                dstc.o
    0x1fff1264        -       0x00000060   Zero   RW         3248    .bss                c_w.l(libspace.o)
    0x1fff12c4   COMPRESSED   0x00000004   PAD
    0x1fff12c8        -       0x00000000   Zero   RW         2955    HEAP                startup_s6e2cc.o
    0x1fff12c8        -       0x00000200   Zero   RW         2954    STACK               startup_s6e2cc.o


==============================================================================

Image component sizes


      Code (inc. data)   RO Data    RW Data    ZI Data      Debug   Object Name

       376         24          0          8          0    1758514   audio.o
      2052         16          0          0          0      50853   basicmathfunctions.o
         0          0       5674          0          0      13629   commontables.o
         0          0          0          0          0        672   complexmathfunctions.o
        94         14          0          0          0       1256   delay.o
       588         38          0          4       1080       4946   dstc.o
      3616         92        112          0          0      22394   fastmathfunctions.o
     27100         54          0          0          0     175753   filteringfunctions.o
       364         40          0          0          0       7021   gpio.o
       292         22          0          0          0       2556   i2c.o
       700         40          0          4          0      33600   i2s.o
      3384        310          0      99360      35316      27372   loop_intr.o
        76         26        576          0        512        876   startup_s6e2cc.o
      5368         58          0          0          0      68329   statisticsfunctions.o
      1924         36          0          0          0      33008   supportfunctions.o
       308         52          0          8          0       1277   system_s6e2cc.o

    ----------------------------------------------------------------------
     46244        822       6400      99384      36908    2202056   Object Totals
         0          0         32          0          0          0   (incl. Generated)
         2          0          6          0          0          0   (incl. Padding)

    ----------------------------------------------------------------------

      Code (inc. data)   RO Data    RW Data    ZI Data      Debug   Library Member Name

        90          0          0          0          0          0   __dczerorl2.o
         8          0          0          0          0         68   __main.o
         0          0          0          0          0          0   __rtentry.o
        12          0          0          0          0          0   __rtentry2.o
         6          0          0          0          0          0   __rtentry4.o
        52          8          0          0          0          0   __scatter.o
        28          0          0          0          0          0   __scatter_zi.o
        22          0          0          0          0        100   _rserrno.o
        18          0          0          0          0         80   exit.o
         6          0          0          0          0        152   heapauxi.o
         0          0          0          0          0          0   indicate_semi.o
         2          0          0          0          0          0   libinit.o
         6          0          0          0          0          0   libinit2.o
         2          0          0          0          0          0   libshutdown.o
         2          0          0          0          0          0   libshutdown2.o
         8          4          0          0         96         68   libspace.o
        72          0          0          0          0         76   llsdiv.o
        38          0          0          0          0         68   llshl.o
        38          0          0          0          0         68   llsshr.o
       238          0          0          0          0        100   lludivv7m.o
         8          4          0          0          0         68   rt_errno_addr_intlibspace.o
        68          0          0          0          0         68   rt_memclr.o
        78          0          0          0          0         80   rt_memclr_w.o
       100          0          0          0          0         80   rt_memcpy_w.o
         2          0          0          0          0          0   rtexit.o
        10          0          0          0          0          0   rtexit2.o
        12          4          0          0          0         68   sys_exit.o
        74          0          0          0          0         80   sys_stackheap_outer.o
         2          0          0          0          0         68   use_no_semi.o
        24          0          0          0          0        164   basic.o
        98          4          0          0          0        140   d2f.o
       826         16          0          0          0        492   daddsub_clz.o
        24          0          0          0          0        116   dcmpi.o
       688        140          0          0          0        256   ddiv.o
       120          4          0          0          0        140   deqf.o
        94          4          0          0          0        140   dfix.o
        84          0          0          0          0        232   dflt_clz.o
       120          4          0          0          0        140   dleqf.o
       340         12          0          0          0        152   dmul.o
       156          4          0          0          0        140   dnaninf.o
        12          0          0          0          0        116   dretinf.o
       108          0          0          0          0        128   drleqf.o
       408         56          0          0          0        168   dsqrt_umaal.o
        86          4          0          0          0        132   f2d.o
       134          4          0          0          0        132   ffixll.o
       140          4          0          0          0        132   fnaninf.o
        10          0          0          0          0        116   fpinit.o
        10          0          0          0          0        116   fretinf.o
         0          0          0          0          0          0   usenofp.o
       164         44          0          0          0        620   dunder.o
       856        142         88          0          0        288   exp.o
       488         62         48          0          0        236   expf.o
        20          0          0          0          0        124   fabs.o
        48          0          0          0          0        124   fpclassify.o
        38          0          0          0          0        116   fpclassifyf.o
        74         24          0          0          0        580   funder.o
       964         92         56          0          0        316   log.o
       364         44         64          0          0        140   logf.o
       248          0          0          0          0        152   poly.o
         0          0          8          0          0          0   qnan.o
       122          0          0          0          0        148   sqrt.o

    ----------------------------------------------------------------------
      7900        684        264          0        100       7288   Library Totals
        30          0          0          0          4          0   (incl. Padding)

    ----------------------------------------------------------------------

      Code (inc. data)   RO Data    RW Data    ZI Data      Debug   Library Name

      1002         20          0          0         96       1292   c_w.l
      3482        256          0          0          0       3152   fz_wm.l
      3386        408        264          0          0       2844   m_wm.l

    ----------------------------------------------------------------------
      7900        684        264          0        100       7288   Library Totals

    ----------------------------------------------------------------------

==============================================================================


      Code (inc. data)   RO Data    RW Data    ZI Data      Debug   

     54144       1506       6664      99384      37008    2200720   Grand Totals
     54144       1506       6664      69492      37008    2200720   ELF Image Totals (compressed)
     54144       1506       6664      69492          0          0   ROM Totals

==============================================================================

    Total RO  Size (Code + RO Data)                60808 (  59.38kB)
    Total RW  Size (RW Data + ZI Data)            136392 ( 133.20kB)
    Total ROM Size (Code + RO Data + RW Data)     130300 ( 127.25kB)

==============================================================================

